<html>
<body>
<pre>
<h1>礦ision Build Log</h1>
<h2>Tool Versions:</h2>
IDE-Version: μVision V5.22.0.0
Copyright (C) 2016 ARM Ltd and ARM Germany GmbH. All rights reserved.
License Information: Kevin Kevin, Kevin, LIC=BUUPC-7EG76-EUN4R-KJIUT-DMA30-6B9NB
 
Tool Versions:
Toolchain:       MDK-ARM Plus  Version: 5.22
Toolchain Path:  G:\32 Keil\ARM\ARMCC\Bin
C Compiler:      Armcc.exe V5.06 update 4 (build 422)
Assembler:       Armasm.exe V5.06 update 4 (build 422)
Linker/Locator:  ArmLink.exe V5.06 update 4 (build 422)
Library Manager: ArmAr.exe V5.06 update 4 (build 422)
Hex Converter:   FromElf.exe V5.06 update 4 (build 422)
CPU DLL:         SARMCM3.DLL V5.22
Dialog DLL:      DARMSTM.DLL V1.67.0.0
Target DLL:      Segger\JL2CM3.dll V2.99.23.0
Dialog DLL:      TARMSTM.DLL V1.66.0.0
 
<h2>Project:</h2>
E:\Desktop\电协杯倒立摆\程序\USER\DLB.uvprojx
Project File Date:  12/01/2017

<h2>Output:</h2>
*** Using Compiler 'V5.06 update 4 (build 422)', folder: 'G:\32 Keil\ARM\ARMCC\Bin'
Build target 'DLB'
compiling control.c...
..\DLB\control.c(72): warning:  #177-D: variable "SpCount"  was declared but never referenced
  	static u8 SpCount=0,LedCount=0,count0;//SpCount速度环调节计数，LedCount状态灯调节计数
..\DLB\control.c(72): warning:  #177-D: variable "LedCount"  was declared but never referenced
  	static u8 SpCount=0,LedCount=0,count0;//SpCount速度环调节计数，LedCount状态灯调节计数
..\DLB\control.c(72): warning:  #177-D: variable "count0"  was declared but never referenced
  	static u8 SpCount=0,LedCount=0,count0;//SpCount速度环调节计数，LedCount状态灯调节计数
..\DLB\control.c(73): warning:  #177-D: variable "Angle_Pwm"  was declared but never referenced
  	static s16 Angle_Pwm,Speed_Pwm;//角度环和速度环PWM输出
..\DLB\control.c(73): warning:  #177-D: variable "Speed_Pwm"  was declared but never referenced
  	static s16 Angle_Pwm,Speed_Pwm;//角度环和速度环PWM输出
..\DLB\control.c: 5 warnings, 0 errors
linking...
Program Size: Code=17282 RO-data=2930 RW-data=292 ZI-data=2660  
FromELF: creating hex file...
"..\OBJ\DLB.axf" - 0 Error(s), 5 Warning(s).

<h2>Collection of Component include folders:</h2>
  E:\Desktop\电协杯倒立摆\程序\USER\RTE\_DLB
  G:\32 Keil\ARM\PACK\Keil\STM32F1xx_DFP\2.1.0\Device\Include

<h2>Collection of Component Files used:</h2>
Build Time Elapsed:  00:00:03
</pre>
</body>
</html>
