Component: ARM Compiler 5.06 update 4 (build 422) Tool: armlink [4d35d2]

==============================================================================

Section Cross References

    system_stm32f10x.o(.text) refers to system_stm32f10x.o(.data) for SystemCoreClock
    main.o(.text) refers to sys.o(.text) for Stm32_Clock_Init
    main.o(.text) refers to delay.o(.text) for delay_init
    main.o(.text) refers to led.o(.text) for LED_Init
    main.o(.text) refers to exti.o(.text) for EXTII_Init
    main.o(.text) refers to oled.o(.text) for OLED_Init
    main.o(.text) refers to usart.o(.text) for uart_init
    main.o(.text) refers to motor.o(.text) for Moto_PWM_Init
    main.o(.text) refers to encoder.o(.text) for Encoder_Init_TIM4
    main.o(.text) refers to adc.o(.text) for Angle_Adc_Init
    main.o(.text) refers to timer.o(.text) for Timer1_Init
    main.o(.text) refers to control.o(.text) for function
    main.o(.text) refers to show.o(.text) for oled_show
    startup_stm32f10x_md.o(STACK) refers (Special) to heapauxi.o(.text) for __use_two_region_memory
    startup_stm32f10x_md.o(HEAP) refers (Special) to heapauxi.o(.text) for __use_two_region_memory
    startup_stm32f10x_md.o(RESET) refers (Special) to heapauxi.o(.text) for __use_two_region_memory
    startup_stm32f10x_md.o(RESET) refers to startup_stm32f10x_md.o(STACK) for __initial_sp
    startup_stm32f10x_md.o(RESET) refers to startup_stm32f10x_md.o(.text) for Reset_Handler
    startup_stm32f10x_md.o(RESET) refers to stm32f10x_it.o(.text) for NMI_Handler
    startup_stm32f10x_md.o(RESET) refers to exti.o(.text) for EXTI9_5_IRQHandler
    startup_stm32f10x_md.o(RESET) refers to encoder.o(.text) for TIM2_IRQHandler
    startup_stm32f10x_md.o(RESET) refers to control.o(.text) for TIM3_IRQHandler
    startup_stm32f10x_md.o(.text) refers (Special) to heapauxi.o(.text) for __use_two_region_memory
    startup_stm32f10x_md.o(.text) refers to system_stm32f10x.o(.text) for SystemInit
    startup_stm32f10x_md.o(.text) refers to __main.o(!!!main) for __main
    startup_stm32f10x_md.o(.text) refers to startup_stm32f10x_md.o(HEAP) for Heap_Mem
    startup_stm32f10x_md.o(.text) refers to startup_stm32f10x_md.o(STACK) for Stack_Mem
    stm32f10x_adc.o(.text) refers to stm32f10x_rcc.o(.text) for RCC_APB2PeriphResetCmd
    stm32f10x_bkp.o(.text) refers to stm32f10x_rcc.o(.text) for RCC_BackupResetCmd
    stm32f10x_can.o(.text) refers to stm32f10x_rcc.o(.text) for RCC_APB1PeriphResetCmd
    stm32f10x_cec.o(.text) refers to stm32f10x_rcc.o(.text) for RCC_APB1PeriphResetCmd
    stm32f10x_dac.o(.text) refers to stm32f10x_rcc.o(.text) for RCC_APB1PeriphResetCmd
    stm32f10x_gpio.o(.text) refers to stm32f10x_rcc.o(.text) for RCC_APB2PeriphResetCmd
    stm32f10x_i2c.o(.text) refers to stm32f10x_rcc.o(.text) for RCC_APB1PeriphResetCmd
    stm32f10x_pwr.o(.text) refers to stm32f10x_rcc.o(.text) for RCC_APB1PeriphResetCmd
    stm32f10x_rcc.o(.text) refers to stm32f10x_rcc.o(.data) for APBAHBPrescTable
    stm32f10x_spi.o(.text) refers to stm32f10x_rcc.o(.text) for RCC_APB2PeriphResetCmd
    stm32f10x_tim.o(.text) refers to stm32f10x_rcc.o(.text) for RCC_APB2PeriphResetCmd
    stm32f10x_usart.o(.text) refers to stm32f10x_rcc.o(.text) for RCC_APB2PeriphResetCmd
    stm32f10x_wwdg.o(.text) refers to stm32f10x_rcc.o(.text) for RCC_APB1PeriphResetCmd
    delay.o(.text) refers to misc.o(.text) for SysTick_CLKSourceConfig
    delay.o(.text) refers to system_stm32f10x.o(.data) for SystemCoreClock
    delay.o(.text) refers to delay.o(.data) for fac_us
    sys.o(.text) refers to sys.o(.emb_text) for WFI_SET
    usart.o(.text) refers (Special) to use_no_semi_2.o(.text) for __use_no_semihosting
    usart.o(.text) refers to stm32f10x_rcc.o(.text) for RCC_APB2PeriphClockCmd
    usart.o(.text) refers to stm32f10x_gpio.o(.text) for GPIO_Init
    usart.o(.text) refers to stm32f10x_usart.o(.text) for USART_Init
    usart.o(.data) refers (Special) to use_no_semi_2.o(.text) for __use_no_semihosting
    adc.o(.text) refers to stm32f10x_rcc.o(.text) for RCC_APB2PeriphClockCmd
    adc.o(.text) refers to stm32f10x_gpio.o(.text) for GPIO_Init
    adc.o(.text) refers to stm32f10x_adc.o(.text) for ADC_DeInit
    adc.o(.text) refers to dflt_clz.o(x$fpl$dfltu) for __aeabi_ui2d
    adc.o(.text) refers to dmul.o(x$fpl$dmul) for __aeabi_dmul
    adc.o(.text) refers to ddiv.o(x$fpl$ddiv) for __aeabi_ddiv
    adc.o(.text) refers to dfix.o(x$fpl$dfix) for __aeabi_d2iz
    adc.o(.text) refers to delay.o(.text) for delay_us
    encoder.o(.text) refers to stm32f10x_rcc.o(.text) for RCC_APB1PeriphClockCmd
    encoder.o(.text) refers to stm32f10x_gpio.o(.text) for GPIO_Init
    encoder.o(.text) refers to stm32f10x_tim.o(.text) for TIM_TimeBaseStructInit
    exti.o(.text) refers to stm32f10x_rcc.o(.text) for RCC_APB2PeriphClockCmd
    exti.o(.text) refers to stm32f10x_gpio.o(.text) for GPIO_PinRemapConfig
    exti.o(.text) refers to stm32f10x_exti.o(.text) for EXTI_Init
[...]
    Removing stmflash.o(.bss), (1024 bytes).

19 unused section(s) (total 11480 bytes) removed from the image.

==============================================================================

Image Symbol Table

    Local Symbols

    Symbol Name                              Value     Ov Type        Size  Object(Section)

    ../clib/angel/boardlib.s                 0x00000000   Number         0  boardinit1.o ABSOLUTE
    ../clib/angel/boardlib.s                 0x00000000   Number         0  boardinit2.o ABSOLUTE
    ../clib/angel/boardlib.s                 0x00000000   Number         0  boardinit3.o ABSOLUTE
    ../clib/angel/boardlib.s                 0x00000000   Number         0  boardshut.o ABSOLUTE
    ../clib/angel/handlers.s                 0x00000000   Number         0  __scatter_copy.o ABSOLUTE
    ../clib/angel/handlers.s                 0x00000000   Number         0  __scatter_zi.o ABSOLUTE
    ../clib/angel/kernel.s                   0x00000000   Number         0  __rtentry4.o ABSOLUTE
    ../clib/angel/kernel.s                   0x00000000   Number         0  __rtentry2.o ABSOLUTE
    ../clib/angel/kernel.s                   0x00000000   Number         0  rtexit.o ABSOLUTE
    ../clib/angel/kernel.s                   0x00000000   Number         0  rtexit2.o ABSOLUTE
    ../clib/angel/kernel.s                   0x00000000   Number         0  __rtentry.o ABSOLUTE
    ../clib/angel/rt.s                       0x00000000   Number         0  rt_raise.o ABSOLUTE
    ../clib/angel/scatter.s                  0x00000000   Number         0  __scatter.o ABSOLUTE
    ../clib/angel/startup.s                  0x00000000   Number         0  __main.o ABSOLUTE
    ../clib/angel/sys.s                      0x00000000   Number         0  use_no_semi_2.o ABSOLUTE
    ../clib/angel/sys.s                      0x00000000   Number         0  sys_stackheap_outer.o ABSOLUTE
    ../clib/angel/sys.s                      0x00000000   Number         0  libspace.o ABSOLUTE
    ../clib/angel/sys.s                      0x00000000   Number         0  use_no_semi.o ABSOLUTE
    ../clib/angel/sys.s                      0x00000000   Number         0  indicate_semi.o ABSOLUTE
    ../clib/angel/sysapp.c                   0x00000000   Number         0  sys_wrch.o ABSOLUTE
    ../clib/angel/sysapp.c                   0x00000000   Number         0  sys_command.o ABSOLUTE
    ../clib/armsys.c                         0x00000000   Number         0  argv_veneer.o ABSOLUTE
    ../clib/armsys.c                         0x00000000   Number         0  argv_veneer.o ABSOLUTE
    ../clib/armsys.c                         0x00000000   Number         0  _get_argv_nomalloc.o ABSOLUTE
    ../clib/armsys.c                         0x00000000   Number         0  no_argv.o ABSOLUTE
    ../clib/heapalloc.c                      0x00000000   Number         0  hrguard.o ABSOLUTE
    ../clib/heapaux.c                        0x00000000   Number         0  heapauxi.o ABSOLUTE
    ../clib/libinit.s                        0x00000000   Number         0  libinit.o ABSOLUTE
    ../clib/libinit.s                        0x00000000   Number         0  libinit2.o ABSOLUTE
    ../clib/libinit.s                        0x00000000   Number         0  libshutdown2.o ABSOLUTE
    ../clib/libinit.s                        0x00000000   Number         0  libshutdown.o ABSOLUTE
    ../clib/signal.c                         0x00000000   Number         0  defsig_rtmem_outer.o ABSOLUTE
    ../clib/signal.c                         0x00000000   Number         0  defsig_rtmem_formal.o ABSOLUTE
    ../clib/signal.c                         0x00000000   Number         0  defsig_rtmem_inner.o ABSOLUTE
    ../clib/signal.c                         0x00000000   Number         0  __raise.o ABSOLUTE
    ../clib/signal.c                         0x00000000   Number         0  defsig_general.o ABSOLUTE
    ../clib/signal.c                         0x00000000   Number         0  defsig_abrt_inner.o ABSOLUTE
    ../clib/signal.c                         0x00000000   Number         0  defsig_exit.o ABSOLUTE
    ../clib/signal.c                         0x00000000   Number         0  defsig_fpe_inner.o ABSOLUTE
    ../clib/signal.c                         0x00000000   Number         0  defsig_rtred_inner.o ABSOLUTE
    ../clib/signal.c                         0x00000000   Number         0  defsig_stak_inner.o ABSOLUTE
    ../clib/signal.c                         0x00000000   Number         0  defsig_pvfn_inner.o ABSOLUTE
    ../clib/signal.c                         0x00000000   Number         0  defsig_other.o ABSOLUTE
    ../clib/signal.c                         0x00000000   Number         0  defsig_segv_inner.o ABSOLUTE
    ../clib/signal.c                         0x00000000   Number         0  defsig_cppl_inner.o ABSOLUTE
    ../clib/signal.s                         0x00000000   Number         0  defsig.o ABSOLUTE
    ../clib/stdlib.c                         0x00000000   Number         0  exit.o ABSOLUTE
    ../fplib/ddiv.s                          0x00000000   Number         0  ddiv.o ABSOLUTE
    ../fplib/dfix.s                          0x00000000   Number         0  dfix.o ABSOLUTE
    ../fplib/dflt.s                          0x00000000   Number         0  dflt_clz.o ABSOLUTE
    ../fplib/dmul.s                          0x00000000   Number         0  dmul.o ABSOLUTE
    ../fplib/dnaninf.s                       0x00000000   Number         0  dnaninf.o ABSOLUTE
    ../fplib/dretinf.s                       0x00000000   Number         0  dretinf.o ABSOLUTE
    ../fplib/faddsub.s                       0x00000000   Number         0  faddsub_clz.o ABSOLUTE
    ../fplib/ffix.s                          0x00000000   Number         0  ffix.o ABSOLUTE
    ../fplib/fflt.s                          0x00000000   Number         0  fflt_clz.o ABSOLUTE
    ../fplib/fmul.s                          0x00000000   Number         0  fmul.o ABSOLUTE
    ../fplib/fnaninf.s                       0x00000000   Number         0  fnaninf.o ABSOLUTE
    ../fplib/fpinit.s                        0x00000000   Number         0  fpinit.o ABSOLUTE
    ../fplib/fretinf.s                       0x00000000   Number         0  fretinf.o ABSOLUTE
    ../fplib/usenofp.s                       0x00000000   Number         0  usenofp.o ABSOLUTE
    ..\COER\core_cm3.c                       0x00000000   Number         0  core_cm3.o ABSOLUTE
    ..\COER\startup_stm32f10x_md.s           0x00000000   Number         0  startup_stm32f10x_md.o ABSOLUTE
    ..\DLB\control.c                         0x00000000   Number         0  control.o ABSOLUTE
    ..\DLB\show.c                            0x00000000   Number         0  show.o ABSOLUTE
    ..\HARDWARE\adc.c                        0x00000000   Number         0  adc.o ABSOLUTE
    ..\HARDWARE\encoder.c                    0x00000000   Number         0  encoder.o ABSOLUTE
    ..\HARDWARE\exti.c                       0x00000000   Number         0  exti.o ABSOLUTE
    ..\HARDWARE\led.C                        0x00000000   Number         0  led.o ABSOLUTE
    ..\HARDWARE\motor.c                      0x00000000   Number         0  motor.o ABSOLUTE
    ..\HARDWARE\oled.c                       0x00000000   Number         0  oled.o ABSOLUTE
    ..\HARDWARE\stmflash.c                   0x00000000   Number         0  stmflash.o ABSOLUTE
    ..\HARDWARE\timer.c                      0x00000000   Number         0  timer.o ABSOLUTE
    ..\STM32F10x_FWLib\src\misc.c            0x00000000   Number         0  misc.o ABSOLUTE
    ..\STM32F10x_FWLib\src\stm32f10x_adc.c   0x00000000   Number         0  stm32f10x_adc.o ABSOLUTE
    ..\STM32F10x_FWLib\src\stm32f10x_bkp.c   0x00000000   Number         0  stm32f10x_bkp.o ABSOLUTE
    ..\STM32F10x_FWLib\src\stm32f10x_can.c   0x00000000   Number         0  stm32f10x_can.o ABSOLUTE
    ..\STM32F10x_FWLib\src\stm32f10x_cec.c   0x00000000   Number         0  stm32f10x_cec.o ABSOLUTE
    ..\STM32F10x_FWLib\src\stm32f10x_crc.c   0x00000000   Number         0  stm32f10x_crc.o ABSOLUTE
    ..\STM32F10x_FWLib\src\stm32f10x_dac.c   0x00000000   Number         0  stm32f10x_dac.o ABSOLUTE
    ..\STM32F10x_FWLib\src\stm32f10x_dbgmcu.c 0x00000000   Number         0  stm32f10x_dbgmcu.o ABSOLUTE
    ..\STM32F10x_FWLib\src\stm32f10x_dma.c   0x00000000   Number         0  stm32f10x_dma.o ABSOLUTE
    ..\STM32F10x_FWLib\src\stm32f10x_exti.c  0x00000000   Number         0  stm32f10x_exti.o ABSOLUTE
    ..\STM32F10x_FWLib\src\stm32f10x_flash.c 0x00000000   Number         0  stm32f10x_flash.o ABSOLUTE
    ..\STM32F10x_FWLib\src\stm32f10x_fsmc.c  0x00000000   Number         0  stm32f10x_fsmc.o ABSOLUTE
    ..\STM32F10x_FWLib\src\stm32f10x_gpio.c  0x00000000   Number         0  stm32f10x_gpio.o ABSOLUTE
    ..\STM32F10x_FWLib\src\stm32f10x_i2c.c   0x00000000   Number         0  stm32f10x_i2c.o ABSOLUTE
    ..\STM32F10x_FWLib\src\stm32f10x_iwdg.c  0x00000000   Number         0  stm32f10x_iwdg.o ABSOLUTE
    ..\STM32F10x_FWLib\src\stm32f10x_pwr.c   0x00000000   Number         0  stm32f10x_pwr.o ABSOLUTE
    ..\STM32F10x_FWLib\src\stm32f10x_rcc.c   0x00000000   Number         0  stm32f10x_rcc.o ABSOLUTE
    ..\STM32F10x_FWLib\src\stm32f10x_rtc.c   0x00000000   Number         0  stm32f10x_rtc.o ABSOLUTE
    ..\STM32F10x_FWLib\src\stm32f10x_sdio.c  0x00000000   Number         0  stm32f10x_sdio.o ABSOLUTE
    ..\STM32F10x_FWLib\src\stm32f10x_spi.c   0x00000000   Number         0  stm32f10x_spi.o ABSOLUTE
    ..\STM32F10x_FWLib\src\stm32f10x_tim.c   0x00000000   Number         0  stm32f10x_tim.o ABSOLUTE
    ..\STM32F10x_FWLib\src\stm32f10x_usart.c 0x00000000   Number         0  stm32f10x_usart.o ABSOLUTE
    ..\STM32F10x_FWLib\src\stm32f10x_wwdg.c  0x00000000   Number         0  stm32f10x_wwdg.o ABSOLUTE
    ..\SYSTEM\delay\delay.c                  0x00000000   Number         0  delay.o ABSOLUTE
    ..\SYSTEM\sys\sys.c                      0x00000000   Number         0  sys.o ABSOLUTE
    ..\SYSTEM\usart\usart.c                  0x00000000   Number         0  usart.o ABSOLUTE
    ..\\COER\\core_cm3.c                     0x00000000   Number         0  core_cm3.o ABSOLUTE
    ..\\SYSTEM\\sys\\sys.c                   0x00000000   Number         0  sys.o ABSOLUTE
    dc.s                                     0x00000000   Number         0  dc.o ABSOLUTE
    main.c                                   0x00000000   Number         0  main.o ABSOLUTE
    stm32f10x_it.c                           0x00000000   Number         0  stm32f10x_it.o ABSOLUTE
    system_stm32f10x.c                       0x00000000   Number         0  system_stm32f10x.o ABSOLUTE
    RESET                                    0x08000000   Section      236  startup_stm32f10x_md.o(RESET)
    !!!main                                  0x080000ec   Section        8  __main.o(!!!main)
    !!!scatter                               0x080000f4   Section       52  __scatter.o(!!!scatter)
    !!handler_copy                           0x08000128   Section       26  __scatter_copy.o(!!handler_copy)
    !!handler_zi                             0x08000144   Section       28  __scatter_zi.o(!!handler_zi)
    .ARM.Collect$$libinit$$00000000          0x08000160   Section        2  libinit.o(.ARM.Collect$$libinit$$00000000)
    .ARM.Collect$$libinit$$00000002          0x08000162   Section        0  libinit2.o(.ARM.Collect$$libinit$$00000002)
    .ARM.Collect$$libinit$$00000004          0x08000162   Section        0  libinit2.o(.ARM.Collect$$libinit$$00000004)
    .ARM.Collect$$libinit$$0000000A          0x08000162   Section        0  libinit2.o(.ARM.Collect$$libinit$$0000000A)
    .ARM.Collect$$libinit$$0000000C          0x08000162   Section        0  libinit2.o(.ARM.Collect$$libinit$$0000000C)
    .ARM.Collect$$libinit$$0000000E          0x08000162   Section        0  libinit2.o(.ARM.Collect$$libinit$$0000000E)
    .ARM.Collect$$libinit$$00000011          0x08000162   Section        0  libinit2.o(.ARM.Collect$$libinit$$00000011)
    .ARM.Collect$$libinit$$00000013          0x08000162   Section        0  libinit2.o(.ARM.Collect$$libinit$$00000013)
    .ARM.Collect$$libinit$$00000015          0x08000162   Section        0  libinit2.o(.ARM.Collect$$libinit$$00000015)
    .ARM.Collect$$libinit$$00000017          0x08000162   Section        0  libinit2.o(.ARM.Collect$$libinit$$00000017)
    .ARM.Collect$$libinit$$00000019          0x08000162   Section        0  libinit2.o(.ARM.Collect$$libinit$$00000019)
    .ARM.Collect$$libinit$$0000001B          0x08000162   Section        0  libinit2.o(.ARM.Collect$$libinit$$0000001B)
    .ARM.Collect$$libinit$$0000001D          0x08000162   Section        0  libinit2.o(.ARM.Collect$$libinit$$0000001D)
    .ARM.Collect$$libinit$$0000001F          0x08000162   Section        0  libinit2.o(.ARM.Collect$$libinit$$0000001F)
    .ARM.Collect$$libinit$$00000021          0x08000162   Section        0  libinit2.o(.ARM.Collect$$libinit$$00000021)
    .ARM.Collect$$libinit$$00000023          0x08000162   Section        0  libinit2.o(.ARM.Collect$$libinit$$00000023)
    .ARM.Collect$$libinit$$00000025          0x08000162   Section        0  libinit2.o(.ARM.Collect$$libinit$$00000025)
    .ARM.Collect$$libinit$$0000002C          0x08000162   Section        0  libinit2.o(.ARM.Collect$$libinit$$0000002C)
    .ARM.Collect$$libinit$$0000002E          0x08000162   Section        0  libinit2.o(.ARM.Collect$$libinit$$0000002E)
    .ARM.Collect$$libinit$$00000030          0x08000162   Section        0  libinit2.o(.ARM.Collect$$libinit$$00000030)
    .ARM.Collect$$libinit$$00000032          0x08000162   Section        0  libinit2.o(.ARM.Collect$$libinit$$00000032)
    .ARM.Collect$$libinit$$00000033          0x08000162   Section        2  libinit2.o(.ARM.Collect$$libinit$$00000033)
    .ARM.Collect$$libshutdown$$00000000      0x08000164   Section        2  libshutdown.o(.ARM.Collect$$libshutdown$$00000000)
    .ARM.Collect$$libshutdown$$00000002      0x08000166   Section        0  libshutdown2.o(.ARM.Collect$$libshutdown$$00000002)
    .ARM.Collect$$libshutdown$$00000004      0x08000166   Section        0  libshutdown2.o(.ARM.Collect$$libshutdown$$00000004)
    .ARM.Collect$$libshutdown$$00000007      0x08000166   Section        0  libshutdown2.o(.ARM.Collect$$libshutdown$$00000007)
    .ARM.Collect$$libshutdown$$0000000A      0x08000166   Section        0  libshutdown2.o(.ARM.Collect$$libshutdown$$0000000A)
    .ARM.Collect$$libshutdown$$0000000C      0x08000166   Section        0  libshutdown2.o(.ARM.Collect$$libshutdown$$0000000C)
    .ARM.Collect$$libshutdown$$0000000F      0x08000166   Section        0  libshutdown2.o(.ARM.Collect$$libshutdown$$0000000F)
    .ARM.Collect$$libshutdown$$00000010      0x08000166   Section        2  libshutdown2.o(.ARM.Collect$$libshutdown$$00000010)
    .ARM.Collect$$rtentry$$00000000          0x08000168   Section        0  __rtentry.o(.ARM.Collect$$rtentry$$00000000)
    .ARM.Collect$$rtentry$$00000002          0x08000168   Section        0  __rtentry2.o(.ARM.Collect$$rtentry$$00000002)
    .ARM.Collect$$rtentry$$00000004          0x08000168   Section        6  __rtentry4.o(.ARM.Collect$$rtentry$$00000004)
    .ARM.Collect$$rtentry$$00000009          0x0800016e   Section        0  __rtentry2.o(.ARM.Collect$$rtentry$$00000009)
    .ARM.Collect$$rtentry$$0000000A          0x0800016e   Section        4  __rtentry2.o(.ARM.Collect$$rtentry$$0000000A)
    .ARM.Collect$$rtentry$$0000000C          0x08000172   Section        0  __rtentry2.o(.ARM.Collect$$rtentry$$0000000C)
    .ARM.Collect$$rtentry$$0000000D          0x08000172   Section        8  __rtentry2.o(.ARM.Collect$$rtentry$$0000000D)
    .ARM.Collect$$rtexit$$00000000           0x0800017a   Section        2  rtexit.o(.ARM.Collect$$rtexit$$00000000)
    .ARM.Collect$$rtexit$$00000002           0x0800017c   Section        0  rtexit2.o(.ARM.Collect$$rtexit$$00000002)
    .ARM.Collect$$rtexit$$00000003           0x0800017c   Section        4  rtexit2.o(.ARM.Collect$$rtexit$$00000003)
    .ARM.Collect$$rtexit$$00000004           0x08000180   Section        6  rtexit2.o(.ARM.Collect$$rtexit$$00000004)
    .emb_text                                0x08000188   Section       12  sys.o(.emb_text)
    .text                                    0x08000194   Section        0  stm32f10x_it.o(.text)
    .text                                    0x080001b0   Section        0  system_stm32f10x.o(.text)
    SetSysClockTo72                          0x080001b1   Thumb Code   214  system_stm32f10x.o(.text)
    SetSysClock                              0x08000287   Thumb Code     8  system_stm32f10x.o(.text)
    .text                                    0x08000390   Section        0  main.o(.text)
    .text                                    0x080003f8   Section       64  startup_stm32f10x_md.o(.text)
    .text                                    0x08000438   Section        0  misc.o(.text)
    .text                                    0x08000514   Section        0  stm32f10x_adc.o(.text)
    .text                                    0x08000964   Section        0  stm32f10x_bkp.o(.text)
    .text                                    0x08000a28   Section        0  stm32f10x_exti.o(.text)
    .text                                    0x08000b44   Section        0  stm32f10x_gpio.o(.text)
    .text                                    0x08000ea0   Section        0  stm32f10x_pwr.o(.text)
    .text                                    0x08000f6c   Section        0  stm32f10x_rcc.o(.text)
    .text                                    0x08001310   Section        0  stm32f10x_tim.o(.text)
    TI4_Config                               0x080017b7   Thumb Code   130  stm32f10x_tim.o(.text)
    TI3_Config                               0x0800184b   Thumb Code   122  stm32f10x_tim.o(.text)
    TI2_Config                               0x080018df   Thumb Code   130  stm32f10x_tim.o(.text)
    TI1_Config                               0x08001973   Thumb Code   108  stm32f10x_tim.o(.text)
    .text                                    0x0800212c   Section        0  stm32f10x_usart.o(.text)
    .text                                    0x08002534   Section        0  delay.o(.text)
    .text                                    0x08002608   Section        0  sys.o(.text)
    .text                                    0x080028c4   Section        0  usart.o(.text)
    .text                                    0x08002968   Section        0  adc.o(.text)
    .text                                    0x08002b50   Section        0  encoder.o(.text)
    .text                                    0x08002d04   Section        0  exti.o(.text)
    .text                                    0x08002eb8   Section        0  led.o(.text)
    .text                                    0x08002f1c   Section        0  motor.o(.text)
    .text                                    0x08002ff4   Section        0  oled.o(.text)
    .text                                    0x08003440   Section        0  timer.o(.text)
    .text                                    0x080034a0   Section        0  control.o(.text)
    .text                                    0x080039d4   Section        0  show.o(.text)
    .text                                    0x08003b20   Section        2  use_no_semi_2.o(.text)
    .text                                    0x08003b22   Section        0  heapauxi.o(.text)
    .text                                    0x08003b28   Section        2  use_no_semi.o(.text)
    .text                                    0x08003b2a   Section       74  sys_stackheap_outer.o(.text)
    .text                                    0x08003b74   Section        0  exit.o(.text)
    .text                                    0x08003b88   Section        8  libspace.o(.text)
    x$fpl$ddiv                               0x08003b90   Section      688  ddiv.o(x$fpl$ddiv)
    ddiv_entry                               0x08003b97   Thumb Code     0  ddiv.o(x$fpl$ddiv)
    x$fpl$dfix                               0x08003e40   Section       94  dfix.o(x$fpl$dfix)
    x$fpl$dfltu                              0x08003e9e   Section       38  dflt_clz.o(x$fpl$dfltu)
    x$fpl$dmul                               0x08003ec4   Section      340  dmul.o(x$fpl$dmul)
    x$fpl$dnaninf                            0x08004018   Section      156  dnaninf.o(x$fpl$dnaninf)
    x$fpl$dretinf                            0x080040b4   Section       12  dretinf.o(x$fpl$dretinf)
    x$fpl$fadd                               0x080040c0   Section      196  faddsub_clz.o(x$fpl$fadd)
    _fadd1                                   0x080040cf   Thumb Code     0  faddsub_clz.o(x$fpl$fadd)
    x$fpl$ffix                               0x08004184   Section       54  ffix.o(x$fpl$ffix)
    x$fpl$fflt                               0x080041bc   Section       48  fflt_clz.o(x$fpl$fflt)
    x$fpl$fmul                               0x080041ec   Section      258  fmul.o(x$fpl$fmul)
    x$fpl$fnaninf                            0x080042ee   Section      140  fnaninf.o(x$fpl$fnaninf)
    x$fpl$fretinf                            0x0800437a   Section       10  fretinf.o(x$fpl$fretinf)
    x$fpl$fsub                               0x08004384   Section      234  faddsub_clz.o(x$fpl$fsub)
    _fsub1                                   0x08004393   Thumb Code     0  faddsub_clz.o(x$fpl$fsub)
    .constdata                               0x0800446e   Section     2660  oled.o(.constdata)
    x$fpl$usenofp                            0x0800446e   Section        0  usenofp.o(x$fpl$usenofp)
    .data                                    0x20000000   Section       20  system_stm32f10x.o(.data)
    .data                                    0x20000014   Section       42  main.o(.data)
    .data                                    0x2000003e   Section       20  stm32f10x_rcc.o(.data)
    APBAHBPrescTable                         0x2000003e   Data          16  stm32f10x_rcc.o(.data)
    ADCPrescTable                            0x2000004e   Data           4  stm32f10x_rcc.o(.data)
    .data                                    0x20000052   Section        4  delay.o(.data)
    fac_us                                   0x20000052   Data           1  delay.o(.data)
    fac_ms                                   0x20000054   Data           2  delay.o(.data)
    .data                                    0x20000058   Section        4  led.o(.data)
    temp                                     0x20000058   Data           4  led.o(.data)
    .data                                    0x20000060   Section      180  control.o(.data)
    SpCount                                  0x20000106   Data           1  control.o(.data)
    LedCount                                 0x20000107   Data           1  control.o(.data)
    count0                                   0x20000108   Data           1  control.o(.data)
    Angle_Pwm                                0x2000010a   Data           2  control.o(.data)
    Speed_Pwm                                0x2000010c   Data           2  control.o(.data)
    Angle_Last                               0x2000010e   Data           2  control.o(.data)
    CurrentSpeed_Pre                         0x20000110   Data           4  control.o(.data)
    .data                                    0x20000114   Section       13  show.o(.data)
    .bss                                     0x20000124   Section     1024  oled.o(.bss)
    .bss                                     0x20000524   Section       96  libspace.o(.bss)
    HEAP                                     0x20000588   Section      512  startup_stm32f10x_md.o(HEAP)
    Heap_Mem                                 0x20000588   Data         512  startup_stm32f10x_md.o(HEAP)
    STACK                                    0x20000788   Section     1024  startup_stm32f10x_md.o(STACK)
    Stack_Mem                                0x20000788   Data        1024  startup_stm32f10x_md.o(STACK)
    __initial_sp                             0x20000b88   Data           0  startup_stm32f10x_md.o(STACK)

    Global Symbols

    Symbol Name                              Value     Ov Type        Size  Object(Section)

    BuildAttributes$$THM_ISAv4$P$D$K$B$S$PE$A:L22UL41UL21$X:L11$S22US41US21$IEEE1$IW$USESV6$~STKCKD$USESV7$~SHL$OSPACE$ROPI$EBA8$UX$STANDARDLIB$REQ8$PRES8$EABIv2 0x00000000   Number         0  anon$$obj.o ABSOLUTE
    __ARM_use_no_argv                        0x00000000   Number         0  main.o ABSOLUTE
    __ARM_exceptions_init                     - Undefined Weak Reference
    __alloca_initialize                       - Undefined Weak Reference
    __arm_preinit_                            - Undefined Weak Reference
    __cpp_initialize__aeabi_                  - Undefined Weak Reference
    __cxa_finalize                            - Undefined Weak Reference
    __rt_locale                               - Undefined Weak Reference
    __sigvec_lookup                           - Undefined Weak Reference
    _atexit_init                              - Undefined Weak Reference
    _call_atexit_fns                          - Undefined Weak Reference
    _clock_init                               - Undefined Weak Reference
    _fp_trap_init                             - Undefined Weak Reference
    _fp_trap_shutdown                         - Undefined Weak Reference
    _get_lc_collate                           - Undefined Weak Reference
    _get_lc_ctype                             - Undefined Weak Reference
    _get_lc_monetary                          - Undefined Weak Reference
    _get_lc_numeric                           - Undefined Weak Reference
    _get_lc_time                              - Undefined Weak Reference
    _getenv_init                              - Undefined Weak Reference
    _handle_redirection                       - Undefined Weak Reference
    _init_alloc                               - Undefined Weak Reference
    _init_user_alloc                          - Undefined Weak Reference
    _initio                                   - Undefined Weak Reference
    _rand_init                                - Undefined Weak Reference
    _signal_finish                            - Undefined Weak Reference
    _signal_init                              - Undefined Weak Reference
    _terminate_alloc                          - Undefined Weak Reference
    _terminate_user_alloc                     - Undefined Weak Reference
    _terminateio                              - Undefined Weak Reference
    __Vectors_Size                           0x000000ec   Number         0  startup_stm32f10x_md.o ABSOLUTE
    __Vectors                                0x08000000   Data           4  startup_stm32f10x_md.o(RESET)
    __Vectors_End                            0x080000ec   Data           0  startup_stm32f10x_md.o(RESET)
    __main                                   0x080000ed   Thumb Code     8  __main.o(!!!main)
    __scatterload                            0x080000f5   Thumb Code     0  __scatter.o(!!!scatter)
    __scatterload_rt2                        0x080000f5   Thumb Code    44  __scatter.o(!!!scatter)
    __scatterload_rt2_thumb_only             0x080000f5   Thumb Code     0  __scatter.o(!!!scatter)
    __scatterload_null                       0x08000103   Thumb Code     0  __scatter.o(!!!scatter)
    __scatterload_copy                       0x08000129   Thumb Code    26  __scatter_copy.o(!!handler_copy)
    __scatterload_zeroinit                   0x08000145   Thumb Code    28  __scatter_zi.o(!!handler_zi)
    __rt_lib_init                            0x08000161   Thumb Code     0  libinit.o(.ARM.Collect$$libinit$$00000000)
    __rt_lib_init_alloca_1                   0x08000163   Thumb Code     0  libinit2.o(.ARM.Collect$$libinit$$0000002E)
    __rt_lib_init_argv_1                     0x08000163   Thumb Code     0  libinit2.o(.ARM.Collect$$libinit$$0000002C)
    __rt_lib_init_atexit_1                   0x08000163   Thumb Code     0  libinit2.o(.ARM.Collect$$libinit$$0000001B)
    __rt_lib_init_clock_1                    0x08000163   Thumb Code     0  libinit2.o(.ARM.Collect$$libinit$$00000021)
    __rt_lib_init_cpp_1                      0x08000163   Thumb Code     0  libinit2.o(.ARM.Collect$$libinit$$00000032)
    __rt_lib_init_exceptions_1               0x08000163   Thumb Code     0  libinit2.o(.ARM.Collect$$libinit$$00000030)
    __rt_lib_init_fp_1                       0x08000163   Thumb Code     0  libinit2.o(.ARM.Collect$$libinit$$00000002)
    __rt_lib_init_fp_trap_1                  0x08000163   Thumb Code     0  libinit2.o(.ARM.Collect$$libinit$$0000001F)
    __rt_lib_init_getenv_1                   0x08000163   Thumb Code     0  libinit2.o(.ARM.Collect$$libinit$$00000023)
    __rt_lib_init_heap_1                     0x08000163   Thumb Code     0  libinit2.o(.ARM.Collect$$libinit$$0000000A)
    __rt_lib_init_lc_collate_1               0x08000163   Thumb Code     0  libinit2.o(.ARM.Collect$$libinit$$00000011)
    __rt_lib_init_lc_ctype_1                 0x08000163   Thumb Code     0  libinit2.o(.ARM.Collect$$libinit$$00000013)
    __rt_lib_init_lc_monetary_1              0x08000163   Thumb Code     0  libinit2.o(.ARM.Collect$$libinit$$00000015)
    __rt_lib_init_lc_numeric_1               0x08000163   Thumb Code     0  libinit2.o(.ARM.Collect$$libinit$$00000017)
    __rt_lib_init_lc_time_1                  0x08000163   Thumb Code     0  libinit2.o(.ARM.Collect$$libinit$$00000019)
    __rt_lib_init_preinit_1                  0x08000163   Thumb Code     0  libinit2.o(.ARM.Collect$$libinit$$00000004)
    __rt_lib_init_rand_1                     0x08000163   Thumb Code     0  libinit2.o(.ARM.Collect$$libinit$$0000000E)
    __rt_lib_init_return                     0x08000163   Thumb Code     0  libinit2.o(.ARM.Collect$$libinit$$00000033)
    __rt_lib_init_signal_1                   0x08000163   Thumb Code     0  libinit2.o(.ARM.Collect$$libinit$$0000001D)
    __rt_lib_init_stdio_1                    0x08000163   Thumb Code     0  libinit2.o(.ARM.Collect$$libinit$$00000025)
    __rt_lib_init_user_alloc_1               0x08000163   Thumb Code     0  libinit2.o(.ARM.Collect$$libinit$$0000000C)
    __rt_lib_shutdown                        0x08000165   Thumb Code     0  libshutdown.o(.ARM.Collect$$libshutdown$$00000000)
    __rt_lib_shutdown_cpp_1                  0x08000167   Thumb Code     0  libshutdown2.o(.ARM.Collect$$libshutdown$$00000002)
    __rt_lib_shutdown_fp_trap_1              0x08000167   Thumb Code     0  libshutdown2.o(.ARM.Collect$$libshutdown$$00000007)
    __rt_lib_shutdown_heap_1                 0x08000167   Thumb Code     0  libshutdown2.o(.ARM.Collect$$libshutdown$$0000000F)
    __rt_lib_shutdown_return                 0x08000167   Thumb Code     0  libshutdown2.o(.ARM.Collect$$libshutdown$$00000010)
    __rt_lib_shutdown_signal_1               0x08000167   Thumb Code     0  libshutdown2.o(.ARM.Collect$$libshutdown$$0000000A)
    __rt_lib_shutdown_stdio_1                0x08000167   Thumb Code     0  libshutdown2.o(.ARM.Collect$$libshutdown$$00000004)
    __rt_lib_shutdown_user_alloc_1           0x08000167   Thumb Code     0  libshutdown2.o(.ARM.Collect$$libshutdown$$0000000C)
    __rt_entry                               0x08000169   Thumb Code     0  __rtentry.o(.ARM.Collect$$rtentry$$00000000)
    __rt_entry_presh_1                       0x08000169   Thumb Code     0  __rtentry2.o(.ARM.Collect$$rtentry$$00000002)
    __rt_entry_sh                            0x08000169   Thumb Code     0  __rtentry4.o(.ARM.Collect$$rtentry$$00000004)
    __rt_entry_li                            0x0800016f   Thumb Code     0  __rtentry2.o(.ARM.Collect$$rtentry$$0000000A)
    __rt_entry_postsh_1                      0x0800016f   Thumb Code     0  __rtentry2.o(.ARM.Collect$$rtentry$$00000009)
    __rt_entry_main                          0x08000173   Thumb Code     0  __rtentry2.o(.ARM.Collect$$rtentry$$0000000D)
    __rt_entry_postli_1                      0x08000173   Thumb Code     0  __rtentry2.o(.ARM.Collect$$rtentry$$0000000C)
    __rt_exit                                0x0800017b   Thumb Code     0  rtexit.o(.ARM.Collect$$rtexit$$00000000)
    __rt_exit_ls                             0x0800017d   Thumb Code     0  rtexit2.o(.ARM.Collect$$rtexit$$00000003)
    __rt_exit_prels_1                        0x0800017d   Thumb Code     0  rtexit2.o(.ARM.Collect$$rtexit$$00000002)
    __rt_exit_exit                           0x08000181   Thumb Code     0  rtexit2.o(.ARM.Collect$$rtexit$$00000004)
    WFI_SET                                  0x08000189   Thumb Code     2  sys.o(.emb_text)
    INTX_DISABLE                             0x0800018b   Thumb Code     2  sys.o(.emb_text)
    INTX_ENABLE                              0x0800018d   Thumb Code     2  sys.o(.emb_text)
    MSR_MSP                                  0x0800018f   Thumb Code     6  sys.o(.emb_text)
    NMI_Handler                              0x08000195   Thumb Code     2  stm32f10x_it.o(.text)
    HardFault_Handler                        0x08000197   Thumb Code     4  stm32f10x_it.o(.text)
    MemManage_Handler                        0x0800019b   Thumb Code     4  stm32f10x_it.o(.text)
    BusFault_Handler                         0x0800019f   Thumb Code     4  stm32f10x_it.o(.text)
    UsageFault_Handler                       0x080001a3   Thumb Code     4  stm32f10x_it.o(.text)
    SVC_Handler                              0x080001a7   Thumb Code     2  stm32f10x_it.o(.text)
    DebugMon_Handler                         0x080001a9   Thumb Code     2  stm32f10x_it.o(.text)
    PendSV_Handler                           0x080001ab   Thumb Code     2  stm32f10x_it.o(.text)
    SysTick_Handler                          0x080001ad   Thumb Code     2  stm32f10x_it.o(.text)
    SystemInit                               0x0800028f   Thumb Code    78  system_stm32f10x.o(.text)
    SystemCoreClockUpdate                    0x080002dd   Thumb Code   142  system_stm32f10x.o(.text)
    main                                     0x08000391   Thumb Code   102  main.o(.text)
    Reset_Handler                            0x080003f9   Thumb Code     8  startup_stm32f10x_md.o(.text)
    ADC1_2_IRQHandler                        0x08000413   Thumb Code     0  startup_stm32f10x_md.o(.text)
    CAN1_RX1_IRQHandler                      0x08000413   Thumb Code     0  startup_stm32f10x_md.o(.text)
    CAN1_SCE_IRQHandler                      0x08000413   Thumb Code     0  startup_stm32f10x_md.o(.text)
    DMA1_Channel1_IRQHandler                 0x08000413   Thumb Code     0  startup_stm32f10x_md.o(.text)
    DMA1_Channel2_IRQHandler                 0x08000413   Thumb Code     0  startup_stm32f10x_md.o(.text)
    DMA1_Channel3_IRQHandler                 0x08000413   Thumb Code     0  startup_stm32f10x_md.o(.text)
    DMA1_Channel4_IRQHandler                 0x08000413   Thumb Code     0  startup_stm32f10x_md.o(.text)
    DMA1_Channel5_IRQHandler                 0x08000413   Thumb Code     0  startup_stm32f10x_md.o(.text)
    DMA1_Channel6_IRQHandler                 0x08000413   Thumb Code     0  startup_stm32f10x_md.o(.text)
    DMA1_Channel7_IRQHandler                 0x08000413   Thumb Code     0  startup_stm32f10x_md.o(.text)
    EXTI0_IRQHandler                         0x08000413   Thumb Code     0  startup_stm32f10x_md.o(.text)
    EXTI15_10_IRQHandler                     0x08000413   Thumb Code     0  startup_stm32f10x_md.o(.text)
    EXTI1_IRQHandler                         0x08000413   Thumb Code     0  startup_stm32f10x_md.o(.text)
    EXTI2_IRQHandler                         0x08000413   Thumb Code     0  startup_stm32f10x_md.o(.text)
    EXTI3_IRQHandler                         0x08000413   Thumb Code     0  startup_stm32f10x_md.o(.text)
    EXTI4_IRQHandler                         0x08000413   Thumb Code     0  startup_stm32f10x_md.o(.text)
    FLASH_IRQHandler                         0x08000413   Thumb Code     0  startup_stm32f10x_md.o(.text)
    I2C1_ER_IRQHandler                       0x08000413   Thumb Code     0  startup_stm32f10x_md.o(.text)
    I2C1_EV_IRQHandler                       0x08000413   Thumb Code     0  startup_stm32f10x_md.o(.text)
    I2C2_ER_IRQHandler                       0x08000413   Thumb Code     0  startup_stm32f10x_md.o(.text)
    I2C2_EV_IRQHandler                       0x08000413   Thumb Code     0  startup_stm32f10x_md.o(.text)
    PVD_IRQHandler                           0x08000413   Thumb Code     0  startup_stm32f10x_md.o(.text)
    RCC_IRQHandler                           0x08000413   Thumb Code     0  startup_stm32f10x_md.o(.text)
    RTCAlarm_IRQHandler                      0x08000413   Thumb Code     0  startup_stm32f10x_md.o(.text)
    RTC_IRQHandler                           0x08000413   Thumb Code     0  startup_stm32f10x_md.o(.text)
    SPI1_IRQHandler                          0x08000413   Thumb Code     0  startup_stm32f10x_md.o(.text)
    SPI2_IRQHandler                          0x08000413   Thumb Code     0  startup_stm32f10x_md.o(.text)
    TAMPER_IRQHandler                        0x08000413   Thumb Code     0  startup_stm32f10x_md.o(.text)
    TIM1_BRK_IRQHandler                      0x08000413   Thumb Code     0  startup_stm32f10x_md.o(.text)
    TIM1_CC_IRQHandler                       0x08000413   Thumb Code     0  startup_stm32f10x_md.o(.text)
    TIM1_TRG_COM_IRQHandler                  0x08000413   Thumb Code     0  startup_stm32f10x_md.o(.text)
    TIM1_UP_IRQHandler                       0x08000413   Thumb Code     0  startup_stm32f10x_md.o(.text)
    USART1_IRQHandler                        0x08000413   Thumb Code     0  startup_stm32f10x_md.o(.text)
    USART2_IRQHandler                        0x08000413   Thumb Code     0  startup_stm32f10x_md.o(.text)
    USART3_IRQHandler                        0x08000413   Thumb Code     0  startup_stm32f10x_md.o(.text)
    USBWakeUp_IRQHandler                     0x08000413   Thumb Code     0  startup_stm32f10x_md.o(.text)
    USB_HP_CAN1_TX_IRQHandler                0x08000413   Thumb Code     0  startup_stm32f10x_md.o(.text)
    USB_LP_CAN1_RX0_IRQHandler               0x08000413   Thumb Code     0  startup_stm32f10x_md.o(.text)
    WWDG_IRQHandler                          0x08000413   Thumb Code     0  startup_stm32f10x_md.o(.text)
    __user_initial_stackheap                 0x08000415   Thumb Code     0  startup_stm32f10x_md.o(.text)
    NVIC_PriorityGroupConfig                 0x08000439   Thumb Code    10  misc.o(.text)
    NVIC_Init                                0x08000443   Thumb Code   100  misc.o(.text)
    NVIC_SetVectorTable                      0x080004a7   Thumb Code    14  misc.o(.text)
    NVIC_SystemLPConfig                      0x080004b5   Thumb Code    34  misc.o(.text)
    SysTick_CLKSourceConfig                  0x080004d7   Thumb Code    40  misc.o(.text)
    ADC_DeInit                               0x08000515   Thumb Code    78  stm32f10x_adc.o(.text)
    ADC_Init                                 0x08000563   Thumb Code    70  stm32f10x_adc.o(.text)
    ADC_StructInit                           0x080005a9   Thumb Code    18  stm32f10x_adc.o(.text)
    ADC_Cmd                                  0x080005bb   Thumb Code    22  stm32f10x_adc.o(.text)
    ADC_DMACmd                               0x080005d1   Thumb Code    22  stm32f10x_adc.o(.text)
    ADC_ITConfig                             0x080005e7   Thumb Code    24  stm32f10x_adc.o(.text)
    ADC_ResetCalibration                     0x080005ff   Thumb Code    10  stm32f10x_adc.o(.text)
    ADC_GetResetCalibrationStatus            0x08000609   Thumb Code    20  stm32f10x_adc.o(.text)
    ADC_StartCalibration                     0x0800061d   Thumb Code    10  stm32f10x_adc.o(.text)
    ADC_GetCalibrationStatus                 0x08000627   Thumb Code    20  stm32f10x_adc.o(.text)
    ADC_SoftwareStartConvCmd                 0x0800063b   Thumb Code    22  stm32f10x_adc.o(.text)
    ADC_GetSoftwareStartConvStatus           0x08000651   Thumb Code    20  stm32f10x_adc.o(.text)
    ADC_DiscModeChannelCountConfig           0x08000665   Thumb Code    24  stm32f10x_adc.o(.text)
    ADC_DiscModeCmd                          0x0800067d   Thumb Code    22  stm32f10x_adc.o(.text)
    ADC_RegularChannelConfig                 0x08000693   Thumb Code   184  stm32f10x_adc.o(.text)
    ADC_ExternalTrigConvCmd                  0x0800074b   Thumb Code    22  stm32f10x_adc.o(.text)
    ADC_GetConversionValue                   0x08000761   Thumb Code     8  stm32f10x_adc.o(.text)
    ADC_GetDualModeConversionValue           0x08000769   Thumb Code     8  stm32f10x_adc.o(.text)
    ADC_AutoInjectedConvCmd                  0x08000771   Thumb Code    22  stm32f10x_adc.o(.text)
    ADC_InjectedDiscModeCmd                  0x08000787   Thumb Code    22  stm32f10x_adc.o(.text)
    ADC_ExternalTrigInjectedConvConfig       0x0800079d   Thumb Code    16  stm32f10x_adc.o(.text)
    ADC_ExternalTrigInjectedConvCmd          0x080007ad   Thumb Code    22  stm32f10x_adc.o(.text)
    ADC_SoftwareStartInjectedConvCmd         0x080007c3   Thumb Code    22  stm32f10x_adc.o(.text)
    ADC_GetSoftwareStartInjectedConvCmdStatus 0x080007d9   Thumb Code    20  stm32f10x_adc.o(.text)
    ADC_InjectedChannelConfig                0x080007ed   Thumb Code   130  stm32f10x_adc.o(.text)
    ADC_InjectedSequencerLengthConfig        0x0800086f   Thumb Code    24  stm32f10x_adc.o(.text)
    ADC_SetInjectedOffset                    0x08000887   Thumb Code    20  stm32f10x_adc.o(.text)
    ADC_GetInjectedConversionValue           0x0800089b   Thumb Code    28  stm32f10x_adc.o(.text)
    ADC_AnalogWatchdogCmd                    0x080008b7   Thumb Code    16  stm32f10x_adc.o(.text)
    ADC_AnalogWatchdogThresholdsConfig       0x080008c7   Thumb Code     6  stm32f10x_adc.o(.text)
    ADC_AnalogWatchdogSingleChannelConfig    0x080008cd   Thumb Code    16  stm32f10x_adc.o(.text)
    ADC_TempSensorVrefintCmd                 0x080008dd   Thumb Code    64  stm32f10x_adc.o(.text)
    ADC_GetFlagStatus                        0x0800091d   Thumb Code    18  stm32f10x_adc.o(.text)
    ADC_ClearFlag                            0x0800092f   Thumb Code     6  stm32f10x_adc.o(.text)
    ADC_GetITStatus                          0x08000935   Thumb Code    36  stm32f10x_adc.o(.text)
    ADC_ClearITPendingBit                    0x08000959   Thumb Code    10  stm32f10x_adc.o(.text)
    BKP_DeInit                               0x08000965   Thumb Code    16  stm32f10x_bkp.o(.text)
    BKP_TamperPinLevelConfig                 0x08000975   Thumb Code     6  stm32f10x_bkp.o(.text)
    BKP_TamperPinCmd                         0x0800097b   Thumb Code     8  stm32f10x_bkp.o(.text)
    BKP_ITConfig                             0x08000983   Thumb Code     8  stm32f10x_bkp.o(.text)
    BKP_RTCOutputConfig                      0x0800098b   Thumb Code    22  stm32f10x_bkp.o(.text)
    BKP_SetRTCCalibrationValue               0x080009a1   Thumb Code    22  stm32f10x_bkp.o(.text)
    BKP_WriteBackupRegister                  0x080009b7   Thumb Code    24  stm32f10x_bkp.o(.text)
    BKP_ReadBackupRegister                   0x080009cf   Thumb Code    26  stm32f10x_bkp.o(.text)
    BKP_GetFlagStatus                        0x080009e9   Thumb Code    10  stm32f10x_bkp.o(.text)
    BKP_ClearFlag                            0x080009f3   Thumb Code    18  stm32f10x_bkp.o(.text)
    BKP_GetITStatus                          0x08000a05   Thumb Code    10  stm32f10x_bkp.o(.text)
    BKP_ClearITPendingBit                    0x08000a0f   Thumb Code    18  stm32f10x_bkp.o(.text)
    EXTI_DeInit                              0x08000a29   Thumb Code    28  stm32f10x_exti.o(.text)
    EXTI_Init                                0x08000a45   Thumb Code   142  stm32f10x_exti.o(.text)
    EXTI_StructInit                          0x08000ad3   Thumb Code    16  stm32f10x_exti.o(.text)
    EXTI_GenerateSWInterrupt                 0x08000ae3   Thumb Code    16  stm32f10x_exti.o(.text)
    EXTI_GetFlagStatus                       0x08000af3   Thumb Code    22  stm32f10x_exti.o(.text)
    EXTI_ClearFlag                           0x08000b09   Thumb Code     8  stm32f10x_exti.o(.text)
    EXTI_GetITStatus                         0x08000b11   Thumb Code    34  stm32f10x_exti.o(.text)
    EXTI_ClearITPendingBit                   0x08000b33   Thumb Code     8  stm32f10x_exti.o(.text)
    GPIO_DeInit                              0x08000b45   Thumb Code   172  stm32f10x_gpio.o(.text)
    GPIO_AFIODeInit                          0x08000bf1   Thumb Code    20  stm32f10x_gpio.o(.text)
    GPIO_Init                                0x08000c05   Thumb Code   278  stm32f10x_gpio.o(.text)
    GPIO_StructInit                          0x08000d1b   Thumb Code    16  stm32f10x_gpio.o(.text)
    GPIO_ReadInputDataBit                    0x08000d2b   Thumb Code    18  stm32f10x_gpio.o(.text)
    GPIO_ReadInputData                       0x08000d3d   Thumb Code     8  stm32f10x_gpio.o(.text)
    GPIO_ReadOutputDataBit                   0x08000d45   Thumb Code    18  stm32f10x_gpio.o(.text)
    GPIO_ReadOutputData                      0x08000d57   Thumb Code     8  stm32f10x_gpio.o(.text)
    GPIO_SetBits                             0x08000d5f   Thumb Code     4  stm32f10x_gpio.o(.text)
    GPIO_ResetBits                           0x08000d63   Thumb Code     4  stm32f10x_gpio.o(.text)
    GPIO_WriteBit                            0x08000d67   Thumb Code    10  stm32f10x_gpio.o(.text)
    GPIO_Write                               0x08000d71   Thumb Code     4  stm32f10x_gpio.o(.text)
    GPIO_PinLockConfig                       0x08000d75   Thumb Code    18  stm32f10x_gpio.o(.text)
    GPIO_EventOutputConfig                   0x08000d87   Thumb Code    26  stm32f10x_gpio.o(.text)
    GPIO_EventOutputCmd                      0x08000da1   Thumb Code     6  stm32f10x_gpio.o(.text)
    GPIO_PinRemapConfig                      0x08000da7   Thumb Code   138  stm32f10x_gpio.o(.text)
    GPIO_EXTILineConfig                      0x08000e31   Thumb Code    66  stm32f10x_gpio.o(.text)
    GPIO_ETH_MediaInterfaceConfig            0x08000e73   Thumb Code     8  stm32f10x_gpio.o(.text)
    PWR_DeInit                               0x08000ea1   Thumb Code    22  stm32f10x_pwr.o(.text)
    PWR_BackupAccessCmd                      0x08000eb7   Thumb Code     6  stm32f10x_pwr.o(.text)
    PWR_PVDCmd                               0x08000ebd   Thumb Code     6  stm32f10x_pwr.o(.text)
    PWR_PVDLevelConfig                       0x08000ec3   Thumb Code    18  stm32f10x_pwr.o(.text)
    PWR_WakeUpPinCmd                         0x08000ed5   Thumb Code     8  stm32f10x_pwr.o(.text)
    PWR_EnterSTOPMode                        0x08000edd   Thumb Code    54  stm32f10x_pwr.o(.text)
    PWR_EnterSTANDBYMode                     0x08000f13   Thumb Code    42  stm32f10x_pwr.o(.text)
    PWR_GetFlagStatus                        0x08000f3d   Thumb Code    20  stm32f10x_pwr.o(.text)
    PWR_ClearFlag                            0x08000f51   Thumb Code    14  stm32f10x_pwr.o(.text)
    RCC_DeInit                               0x08000f6d   Thumb Code    64  stm32f10x_rcc.o(.text)
    RCC_HSEConfig                            0x08000fad   Thumb Code    70  stm32f10x_rcc.o(.text)
    RCC_GetFlagStatus                        0x08000ff3   Thumb Code    56  stm32f10x_rcc.o(.text)
    RCC_WaitForHSEStartUp                    0x0800102b   Thumb Code    56  stm32f10x_rcc.o(.text)
    RCC_AdjustHSICalibrationValue            0x08001063   Thumb Code    20  stm32f10x_rcc.o(.text)
    RCC_HSICmd                               0x08001077   Thumb Code     6  stm32f10x_rcc.o(.text)
    RCC_PLLConfig                            0x0800107d   Thumb Code    24  stm32f10x_rcc.o(.text)
    RCC_PLLCmd                               0x08001095   Thumb Code     6  stm32f10x_rcc.o(.text)
    RCC_SYSCLKConfig                         0x0800109b   Thumb Code    18  stm32f10x_rcc.o(.text)
    RCC_GetSYSCLKSource                      0x080010ad   Thumb Code    10  stm32f10x_rcc.o(.text)
    RCC_HCLKConfig                           0x080010b7   Thumb Code    18  stm32f10x_rcc.o(.text)
    RCC_PCLK1Config                          0x080010c9   Thumb Code    18  stm32f10x_rcc.o(.text)
    RCC_PCLK2Config                          0x080010db   Thumb Code    20  stm32f10x_rcc.o(.text)
    RCC_ITConfig                             0x080010ef   Thumb Code    26  stm32f10x_rcc.o(.text)
    RCC_USBCLKConfig                         0x08001109   Thumb Code     8  stm32f10x_rcc.o(.text)
    RCC_ADCCLKConfig                         0x08001111   Thumb Code    18  stm32f10x_rcc.o(.text)
    RCC_LSEConfig                            0x08001123   Thumb Code    50  stm32f10x_rcc.o(.text)
    RCC_LSICmd                               0x08001155   Thumb Code     6  stm32f10x_rcc.o(.text)
    RCC_RTCCLKConfig                         0x0800115b   Thumb Code    12  stm32f10x_rcc.o(.text)
    RCC_RTCCLKCmd                            0x08001167   Thumb Code     8  stm32f10x_rcc.o(.text)
    RCC_GetClocksFreq                        0x0800116f   Thumb Code   192  stm32f10x_rcc.o(.text)
    RCC_AHBPeriphClockCmd                    0x0800122f   Thumb Code    26  stm32f10x_rcc.o(.text)
    RCC_APB2PeriphClockCmd                   0x08001249   Thumb Code    26  stm32f10x_rcc.o(.text)
    RCC_APB1PeriphClockCmd                   0x08001263   Thumb Code    26  stm32f10x_rcc.o(.text)
    RCC_APB2PeriphResetCmd                   0x0800127d   Thumb Code    26  stm32f10x_rcc.o(.text)
    RCC_APB1PeriphResetCmd                   0x08001297   Thumb Code    26  stm32f10x_rcc.o(.text)
    RCC_BackupResetCmd                       0x080012b1   Thumb Code     8  stm32f10x_rcc.o(.text)
    RCC_ClockSecuritySystemCmd               0x080012b9   Thumb Code     6  stm32f10x_rcc.o(.text)
    RCC_MCOConfig                            0x080012bf   Thumb Code     6  stm32f10x_rcc.o(.text)
    RCC_ClearFlag                            0x080012c5   Thumb Code    14  stm32f10x_rcc.o(.text)
    RCC_GetITStatus                          0x080012d3   Thumb Code    20  stm32f10x_rcc.o(.text)
    RCC_ClearITPendingBit                    0x080012e7   Thumb Code     6  stm32f10x_rcc.o(.text)
    TIM_DeInit                               0x08001311   Thumb Code   424  stm32f10x_tim.o(.text)
    TIM_TimeBaseInit                         0x080014b9   Thumb Code   122  stm32f10x_tim.o(.text)
    TIM_OC1Init                              0x08001533   Thumb Code   132  stm32f10x_tim.o(.text)
    TIM_OC2Init                              0x080015b7   Thumb Code   154  stm32f10x_tim.o(.text)
    TIM_OC3Init                              0x08001651   Thumb Code   150  stm32f10x_tim.o(.text)
    TIM_OC4Init                              0x080016e7   Thumb Code   182  stm32f10x_tim.o(.text)
    TIM_SetIC4Prescaler                      0x0800179d   Thumb Code    26  stm32f10x_tim.o(.text)
    TIM_SetIC3Prescaler                      0x08001839   Thumb Code    18  stm32f10x_tim.o(.text)
    TIM_SetIC2Prescaler                      0x080018c5   Thumb Code    26  stm32f10x_tim.o(.text)
    TIM_SetIC1Prescaler                      0x08001961   Thumb Code    18  stm32f10x_tim.o(.text)
    TIM_ICInit                               0x080019df   Thumb Code   150  stm32f10x_tim.o(.text)
    TIM_PWMIConfig                           0x08001a75   Thumb Code   124  stm32f10x_tim.o(.text)
    TIM_BDTRConfig                           0x08001af1   Thumb Code    32  stm32f10x_tim.o(.text)
    TIM_TimeBaseStructInit                   0x08001b11   Thumb Code    18  stm32f10x_tim.o(.text)
    TIM_OCStructInit                         0x08001b23   Thumb Code    20  stm32f10x_tim.o(.text)
    TIM_ICStructInit                         0x08001b37   Thumb Code    18  stm32f10x_tim.o(.text)
    TIM_BDTRStructInit                       0x08001b49   Thumb Code    40  stm32f10x_tim.o(.text)
    TIM_Cmd                                  0x08001b71   Thumb Code    24  stm32f10x_tim.o(.text)
    TIM_CtrlPWMOutputs                       0x08001b89   Thumb Code    30  stm32f10x_tim.o(.text)
    TIM_ITConfig                             0x08001ba7   Thumb Code    18  stm32f10x_tim.o(.text)
    TIM_GenerateEvent                        0x08001bb9   Thumb Code     4  stm32f10x_tim.o(.text)
    TIM_DMAConfig                            0x08001bbd   Thumb Code    10  stm32f10x_tim.o(.text)
    TIM_DMACmd                               0x08001bc7   Thumb Code    18  stm32f10x_tim.o(.text)
    TIM_InternalClockConfig                  0x08001bd9   Thumb Code    12  stm32f10x_tim.o(.text)
    TIM_SelectInputTrigger                   0x08001be5   Thumb Code    18  stm32f10x_tim.o(.text)
    TIM_ITRxExternalClockConfig              0x08001bf7   Thumb Code    24  stm32f10x_tim.o(.text)
    TIM_TIxExternalClockConfig               0x08001c0f   Thumb Code    62  stm32f10x_tim.o(.text)
    TIM_ETRConfig                            0x08001c4d   Thumb Code    28  stm32f10x_tim.o(.text)
    TIM_ETRClockMode1Config                  0x08001c69   Thumb Code    54  stm32f10x_tim.o(.text)
    TIM_ETRClockMode2Config                  0x08001c9f   Thumb Code    32  stm32f10x_tim.o(.text)
    TIM_PrescalerConfig                      0x08001cbf   Thumb Code     6  stm32f10x_tim.o(.text)
    TIM_CounterModeConfig                    0x08001cc5   Thumb Code    18  stm32f10x_tim.o(.text)
    TIM_EncoderInterfaceConfig               0x08001cd7   Thumb Code    66  stm32f10x_tim.o(.text)
    TIM_ForcedOC1Config                      0x08001d19   Thumb Code    18  stm32f10x_tim.o(.text)
    TIM_ForcedOC2Config                      0x08001d2b   Thumb Code    26  stm32f10x_tim.o(.text)
    TIM_ForcedOC3Config                      0x08001d45   Thumb Code    18  stm32f10x_tim.o(.text)
    TIM_ForcedOC4Config                      0x08001d57   Thumb Code    26  stm32f10x_tim.o(.text)
    TIM_ARRPreloadConfig                     0x08001d71   Thumb Code    24  stm32f10x_tim.o(.text)
    TIM_SelectCOM                            0x08001d89   Thumb Code    24  stm32f10x_tim.o(.text)
    TIM_SelectCCDMA                          0x08001da1   Thumb Code    24  stm32f10x_tim.o(.text)
    TIM_CCPreloadControl                     0x08001db9   Thumb Code    24  stm32f10x_tim.o(.text)
    TIM_OC1PreloadConfig                     0x08001dd1   Thumb Code    18  stm32f10x_tim.o(.text)
    TIM_OC2PreloadConfig                     0x08001de3   Thumb Code    26  stm32f10x_tim.o(.text)
    TIM_OC3PreloadConfig                     0x08001dfd   Thumb Code    18  stm32f10x_tim.o(.text)
    TIM_OC4PreloadConfig                     0x08001e0f   Thumb Code    26  stm32f10x_tim.o(.text)
    TIM_OC1FastConfig                        0x08001e29   Thumb Code    18  stm32f10x_tim.o(.text)
    TIM_OC2FastConfig                        0x08001e3b   Thumb Code    26  stm32f10x_tim.o(.text)
    TIM_OC3FastConfig                        0x08001e55   Thumb Code    18  stm32f10x_tim.o(.text)
    TIM_OC4FastConfig                        0x08001e67   Thumb Code    26  stm32f10x_tim.o(.text)
    TIM_ClearOC1Ref                          0x08001e81   Thumb Code    18  stm32f10x_tim.o(.text)
    TIM_ClearOC2Ref                          0x08001e93   Thumb Code    24  stm32f10x_tim.o(.text)
    TIM_ClearOC3Ref                          0x08001eab   Thumb Code    18  stm32f10x_tim.o(.text)
    TIM_ClearOC4Ref                          0x08001ebd   Thumb Code    24  stm32f10x_tim.o(.text)
    TIM_OC1PolarityConfig                    0x08001ed5   Thumb Code    18  stm32f10x_tim.o(.text)
    TIM_OC1NPolarityConfig                   0x08001ee7   Thumb Code    18  stm32f10x_tim.o(.text)
    TIM_OC2PolarityConfig                    0x08001ef9   Thumb Code    26  stm32f10x_tim.o(.text)
    TIM_OC2NPolarityConfig                   0x08001f13   Thumb Code    26  stm32f10x_tim.o(.text)
    TIM_OC3PolarityConfig                    0x08001f2d   Thumb Code    26  stm32f10x_tim.o(.text)
    TIM_OC3NPolarityConfig                   0x08001f47   Thumb Code    26  stm32f10x_tim.o(.text)
    TIM_OC4PolarityConfig                    0x08001f61   Thumb Code    26  stm32f10x_tim.o(.text)
    TIM_CCxCmd                               0x08001f7b   Thumb Code    30  stm32f10x_tim.o(.text)
    TIM_CCxNCmd                              0x08001f99   Thumb Code    30  stm32f10x_tim.o(.text)
    TIM_SelectOCxM                           0x08001fb7   Thumb Code    82  stm32f10x_tim.o(.text)
    TIM_UpdateDisableConfig                  0x08002009   Thumb Code    24  stm32f10x_tim.o(.text)
    TIM_UpdateRequestConfig                  0x08002021   Thumb Code    24  stm32f10x_tim.o(.text)
    TIM_SelectHallSensor                     0x08002039   Thumb Code    24  stm32f10x_tim.o(.text)
    TIM_SelectOnePulseMode                   0x08002051   Thumb Code    18  stm32f10x_tim.o(.text)
    TIM_SelectOutputTrigger                  0x08002063   Thumb Code    18  stm32f10x_tim.o(.text)
    TIM_SelectSlaveMode                      0x08002075   Thumb Code    18  stm32f10x_tim.o(.text)
    TIM_SelectMasterSlaveMode                0x08002087   Thumb Code    18  stm32f10x_tim.o(.text)
    TIM_SetCounter                           0x08002099   Thumb Code     4  stm32f10x_tim.o(.text)
    TIM_SetAutoreload                        0x0800209d   Thumb Code     4  stm32f10x_tim.o(.text)
    TIM_SetCompare1                          0x080020a1   Thumb Code     4  stm32f10x_tim.o(.text)
    TIM_SetCompare2                          0x080020a5   Thumb Code     4  stm32f10x_tim.o(.text)
    TIM_SetCompare3                          0x080020a9   Thumb Code     4  stm32f10x_tim.o(.text)
    TIM_SetCompare4                          0x080020ad   Thumb Code     6  stm32f10x_tim.o(.text)
    TIM_SetClockDivision                     0x080020b3   Thumb Code    18  stm32f10x_tim.o(.text)
    TIM_GetCapture1                          0x080020c5   Thumb Code     6  stm32f10x_tim.o(.text)
    TIM_GetCapture2                          0x080020cb   Thumb Code     6  stm32f10x_tim.o(.text)
    TIM_GetCapture3                          0x080020d1   Thumb Code     6  stm32f10x_tim.o(.text)
    TIM_GetCapture4                          0x080020d7   Thumb Code     8  stm32f10x_tim.o(.text)
    TIM_GetCounter                           0x080020df   Thumb Code     6  stm32f10x_tim.o(.text)
    TIM_GetPrescaler                         0x080020e5   Thumb Code     6  stm32f10x_tim.o(.text)
    TIM_GetFlagStatus                        0x080020eb   Thumb Code    18  stm32f10x_tim.o(.text)
    TIM_ClearFlag                            0x080020fd   Thumb Code     6  stm32f10x_tim.o(.text)
    TIM_GetITStatus                          0x08002103   Thumb Code    34  stm32f10x_tim.o(.text)
    TIM_ClearITPendingBit                    0x08002125   Thumb Code     6  stm32f10x_tim.o(.text)
    USART_DeInit                             0x0800212d   Thumb Code   134  stm32f10x_usart.o(.text)
    USART_Init                               0x080021b3   Thumb Code   210  stm32f10x_usart.o(.text)
    USART_StructInit                         0x08002285   Thumb Code    24  stm32f10x_usart.o(.text)
    USART_ClockInit                          0x0800229d   Thumb Code    34  stm32f10x_usart.o(.text)
    USART_ClockStructInit                    0x080022bf   Thumb Code    12  stm32f10x_usart.o(.text)
    USART_Cmd                                0x080022cb   Thumb Code    24  stm32f10x_usart.o(.text)
    USART_ITConfig                           0x080022e3   Thumb Code    74  stm32f10x_usart.o(.text)
    USART_DMACmd                             0x0800232d   Thumb Code    18  stm32f10x_usart.o(.text)
    USART_SetAddress                         0x0800233f   Thumb Code    18  stm32f10x_usart.o(.text)
    USART_WakeUpConfig                       0x08002351   Thumb Code    18  stm32f10x_usart.o(.text)
    USART_ReceiverWakeUpCmd                  0x08002363   Thumb Code    24  stm32f10x_usart.o(.text)
    USART_LINBreakDetectLengthConfig         0x0800237b   Thumb Code    18  stm32f10x_usart.o(.text)
    USART_LINCmd                             0x0800238d   Thumb Code    24  stm32f10x_usart.o(.text)
    USART_SendData                           0x080023a5   Thumb Code     8  stm32f10x_usart.o(.text)
    USART_ReceiveData                        0x080023ad   Thumb Code    10  stm32f10x_usart.o(.text)
    USART_SendBreak                          0x080023b7   Thumb Code    10  stm32f10x_usart.o(.text)
    USART_SetGuardTime                       0x080023c1   Thumb Code    16  stm32f10x_usart.o(.text)
    USART_SetPrescaler                       0x080023d1   Thumb Code    16  stm32f10x_usart.o(.text)
    USART_SmartCardCmd                       0x080023e1   Thumb Code    24  stm32f10x_usart.o(.text)
    USART_SmartCardNACKCmd                   0x080023f9   Thumb Code    24  stm32f10x_usart.o(.text)
    USART_HalfDuplexCmd                      0x08002411   Thumb Code    24  stm32f10x_usart.o(.text)
    USART_OverSampling8Cmd                   0x08002429   Thumb Code    22  stm32f10x_usart.o(.text)
    USART_OneBitMethodCmd                    0x0800243f   Thumb Code    24  stm32f10x_usart.o(.text)
    USART_IrDAConfig                         0x08002457   Thumb Code    18  stm32f10x_usart.o(.text)
    USART_IrDACmd                            0x08002469   Thumb Code    24  stm32f10x_usart.o(.text)
    USART_GetFlagStatus                      0x08002481   Thumb Code    26  stm32f10x_usart.o(.text)
    USART_ClearFlag                          0x0800249b   Thumb Code    18  stm32f10x_usart.o(.text)
    USART_GetITStatus                        0x080024ad   Thumb Code    84  stm32f10x_usart.o(.text)
    USART_ClearITPendingBit                  0x08002501   Thumb Code    52  stm32f10x_usart.o(.text)
    delay_init                               0x08002535   Thumb Code    50  delay.o(.text)
    delay_us                                 0x08002567   Thumb Code    72  delay.o(.text)
    delay_ms                                 0x080025af   Thumb Code    72  delay.o(.text)
    MY_NVIC_SetVectorTable                   0x08002609   Thumb Code    12  sys.o(.text)
    MY_NVIC_PriorityGroupConfig              0x08002615   Thumb Code    36  sys.o(.text)
    MY_NVIC_Init                             0x08002639   Thumb Code   116  sys.o(.text)
    Ex_NVIC_Config                           0x080026ad   Thumb Code   146  sys.o(.text)
    MYRCC_DeInit                             0x0800273f   Thumb Code    90  sys.o(.text)
    Sys_Standby                              0x08002799   Thumb Code    68  sys.o(.text)
    Sys_Soft_Reset                           0x080027dd   Thumb Code    12  sys.o(.text)
    JTAG_Set                                 0x080027e9   Thumb Code    42  sys.o(.text)
    Stm32_Clock_Init                         0x08002813   Thumb Code   134  sys.o(.text)
    _sys_exit                                0x080028c5   Thumb Code     6  usart.o(.text)
    fputc                                    0x080028cb   Thumb Code    24  usart.o(.text)
    uart_init                                0x080028e3   Thumb Code   124  usart.o(.text)
    Baterry_Adc_Init                         0x08002969   Thumb Code   132  adc.o(.text)
    Angle_Adc_Init                           0x080029ed   Thumb Code   132  adc.o(.text)
    Get_Adc                                  0x08002a71   Thumb Code    46  adc.o(.text)
    Get_battery_volt                         0x08002a9f   Thumb Code   102  adc.o(.text)
    Get_Adc_Average                          0x08002b05   Thumb Code    46  adc.o(.text)
    Encoder_Init_TIM2                        0x08002b51   Thumb Code   154  encoder.o(.text)
    Encoder_Init_TIM4                        0x08002beb   Thumb Code   150  encoder.o(.text)
    Read_Encoder                             0x08002c81   Thumb Code    66  encoder.o(.text)
    TIM4_IRQHandler                          0x08002cc3   Thumb Code    24  encoder.o(.text)
    TIM2_IRQHandler                          0x08002cdb   Thumb Code    24  encoder.o(.text)
    EXTII_Init                               0x08002d05   Thumb Code   186  exti.o(.text)
    EXTI9_5_IRQHandler                       0x08002dbf   Thumb Code   226  exti.o(.text)
    LED_Init                                 0x08002eb9   Thumb Code    40  led.o(.text)
    Led_Flash                                0x08002ee1   Thumb Code    44  led.o(.text)
    Motor_Init                               0x08002f1d   Thumb Code    40  motor.o(.text)
    Moto_PWM_Init                            0x08002f45   Thumb Code   164  motor.o(.text)
    OLED_WR_Byte                             0x08002ff5   Thumb Code    78  oled.o(.text)
    OLED_Refresh_Gram                        0x08003043   Thumb Code    70  oled.o(.text)
    OLED_Display_On                          0x08003089   Thumb Code    28  oled.o(.text)
    OLED_Display_Off                         0x080030a5   Thumb Code    28  oled.o(.text)
    OLED_Clear                               0x080030c1   Thumb Code    42  oled.o(.text)
    OLED_DrawPoint                           0x080030eb   Thumb Code   100  oled.o(.text)
    OLED_ShowChar                            0x0800314f   Thumb Code   158  oled.o(.text)
    oled_pow                                 0x080031ed   Thumb Code    22  oled.o(.text)
    OLED_ShowNumber                          0x08003203   Thumb Code   148  oled.o(.text)
    OLED_ShowString                          0x08003297   Thumb Code    68  oled.o(.text)
    OLED_Init                                0x080032db   Thumb Code   356  oled.o(.text)
    Timer1_Init                              0x08003441   Thumb Code    90  timer.o(.text)
    myabs                                    0x080034a1   Thumb Code    14  control.o(.text)
    pid                                      0x080034af   Thumb Code   344  control.o(.text)
    Set_Pwm                                  0x08003607   Thumb Code    50  control.o(.text)
    TIM3_IRQHandler                          0x08003639   Thumb Code   108  control.o(.text)
    function                                 0x080036a5   Thumb Code   332  control.o(.text)
    AnglePID                                 0x080037f1   Thumb Code   126  control.o(.text)
    SpeedPID                                 0x0800386f   Thumb Code   344  control.o(.text)
    oled_show                                0x080039d5   Thumb Code   256  show.o(.text)
    __use_no_semihosting                     0x08003b21   Thumb Code     2  use_no_semi_2.o(.text)
    __use_two_region_memory                  0x08003b23   Thumb Code     2  heapauxi.o(.text)
    __rt_heap_escrow$2region                 0x08003b25   Thumb Code     2  heapauxi.o(.text)
    __rt_heap_expand$2region                 0x08003b27   Thumb Code     2  heapauxi.o(.text)
    __I$use$semihosting                      0x08003b29   Thumb Code     0  use_no_semi.o(.text)
    __use_no_semihosting_swi                 0x08003b29   Thumb Code     2  use_no_semi.o(.text)
    __user_setup_stackheap                   0x08003b2b   Thumb Code    74  sys_stackheap_outer.o(.text)
    exit                                     0x08003b75   Thumb Code    18  exit.o(.text)
    __user_libspace                          0x08003b89   Thumb Code     8  libspace.o(.text)
    __user_perproc_libspace                  0x08003b89   Thumb Code     0  libspace.o(.text)
    __user_perthread_libspace                0x08003b89   Thumb Code     0  libspace.o(.text)
    __aeabi_ddiv                             0x08003b91   Thumb Code     0  ddiv.o(x$fpl$ddiv)
    _ddiv                                    0x08003b91   Thumb Code   552  ddiv.o(x$fpl$ddiv)
    __aeabi_d2iz                             0x08003e41   Thumb Code     0  dfix.o(x$fpl$dfix)
    _dfix                                    0x08003e41   Thumb Code    94  dfix.o(x$fpl$dfix)
    __aeabi_ui2d                             0x08003e9f   Thumb Code     0  dflt_clz.o(x$fpl$dfltu)
    _dfltu                                   0x08003e9f   Thumb Code    38  dflt_clz.o(x$fpl$dfltu)
    __aeabi_dmul                             0x08003ec5   Thumb Code     0  dmul.o(x$fpl$dmul)
    _dmul                                    0x08003ec5   Thumb Code   332  dmul.o(x$fpl$dmul)
    __fpl_dnaninf                            0x08004019   Thumb Code   156  dnaninf.o(x$fpl$dnaninf)
    __fpl_dretinf                            0x080040b5   Thumb Code    12  dretinf.o(x$fpl$dretinf)
    __aeabi_fadd                             0x080040c1   Thumb Code     0  faddsub_clz.o(x$fpl$fadd)
    _fadd                                    0x080040c1   Thumb Code   196  faddsub_clz.o(x$fpl$fadd)
    __aeabi_f2iz                             0x08004185   Thumb Code     0  ffix.o(x$fpl$ffix)
    _ffix                                    0x08004185   Thumb Code    54  ffix.o(x$fpl$ffix)
    __aeabi_i2f                              0x080041bd   Thumb Code     0  fflt_clz.o(x$fpl$fflt)
    _fflt                                    0x080041bd   Thumb Code    48  fflt_clz.o(x$fpl$fflt)
    __aeabi_fmul                             0x080041ed   Thumb Code     0  fmul.o(x$fpl$fmul)
    _fmul                                    0x080041ed   Thumb Code   258  fmul.o(x$fpl$fmul)
    __fpl_fnaninf                            0x080042ef   Thumb Code   140  fnaninf.o(x$fpl$fnaninf)
    __fpl_fretinf                            0x0800437b   Thumb Code    10  fretinf.o(x$fpl$fretinf)
    __aeabi_fsub                             0x08004385   Thumb Code     0  faddsub_clz.o(x$fpl$fsub)
    _fsub                                    0x08004385   Thumb Code   234  faddsub_clz.o(x$fpl$fsub)
    __I$use$fp                               0x0800446e   Number         0  usenofp.o(x$fpl$usenofp)
    oled_asc2_1206                           0x0800446e   Data        1140  oled.o(.constdata)
    oled_asc2_1608                           0x080048e2   Data        1520  oled.o(.constdata)
    Region$$Table$$Base                      0x08004ed4   Number         0  anon$$obj.o(Region$$Table)
    Region$$Table$$Limit                     0x08004ef4   Number         0  anon$$obj.o(Region$$Table)
    SystemCoreClock                          0x20000000   Data           4  system_stm32f10x.o(.data)
    AHBPrescTable                            0x20000004   Data          16  system_stm32f10x.o(.data)
    Encoder                                  0x20000014   Data           4  main.o(.data)
    Position_Zero                            0x20000018   Data           4  main.o(.data)
    Velocity                                 0x2000001c   Data           4  main.o(.data)
    Moto                                     0x20000020   Data           4  main.o(.data)
    Voltage                                  0x20000024   Data           4  main.o(.data)
    Balance_KP                               0x20000028   Data           4  main.o(.data)
    Balance_KD                               0x2000002c   Data           4  main.o(.data)
    Balance_Ratio                            0x20000030   Data           4  main.o(.data)
    Position_KP                              0x20000034   Data           4  main.o(.data)
    Position_KD                              0x20000038   Data           4  main.o(.data)
    Flag_OLED                                0x2000003c   Data           1  main.o(.data)
    State                                    0x2000003d   Data           1  main.o(.data)
    Balance_Pwm                              0x20000060   Data           4  control.o(.data)
    Count_P2                                 0x20000064   Data           4  control.o(.data)
    Position_Pwm                             0x20000068   Data           4  control.o(.data)
    Moto_qb                                  0x2000006c   Data           4  control.o(.data)
    Count_Moto                               0x20000070   Data           4  control.o(.data)
    Flag_Target                              0x20000074   Data           1  control.o(.data)
    Flag_qb                                  0x20000075   Data           1  control.o(.data)
    Flag_qb2                                 0x20000076   Data           1  control.o(.data)
    Voltage_Temp                             0x20000078   Data           4  control.o(.data)
    Voltage_Count                            0x2000007c   Data           4  control.o(.data)
    Voltage_All                              0x20000080   Data           4  control.o(.data)
    Count_qb                                 0x20000088   Data           8  control.o(.data)
    Ratio                                    0x20000090   Data           8  control.o(.data)
    Count_Position                           0x20000098   Data           4  control.o(.data)
    Flag_Position                            0x2000009c   Data           1  control.o(.data)
    target                                   0x2000009e   Data           2  control.o(.data)
    Tar_pos                                  0x200000a0   Data           2  control.o(.data)
    angle0                                   0x200000a2   Data           2  control.o(.data)
    angle1                                   0x200000a4   Data           2  control.o(.data)
    all_pwm                                  0x200000a8   Data           4  control.o(.data)
    target_a                                 0x200000ac   Data           4  control.o(.data)
    pos0                                     0x200000b0   Data           4  control.o(.data)
    pos1                                     0x200000b4   Data           4  control.o(.data)
    speed                                    0x200000b8   Data           4  control.o(.data)
    pos_pwm                                  0x200000bc   Data           4  control.o(.data)
    pos_angle                                0x200000c0   Data           4  control.o(.data)
    ap_error                                 0x200000c4   Data           4  control.o(.data)
    ad_error                                 0x200000c8   Data           4  control.o(.data)
    ai_error                                 0x200000cc   Data           4  control.o(.data)
    nu                                       0x200000d0   Data           4  control.o(.data)
    func2                                    0x200000d4   Data           1  control.o(.data)
    func                                     0x200000d5   Data           1  control.o(.data)
    X_flag                                   0x200000d6   Data           1  control.o(.data)
    local_pos                                0x200000d8   Data           4  control.o(.data)
    kpa                                      0x200000dc   Data           2  control.o(.data)
    kia                                      0x200000de   Data           2  control.o(.data)
    kda                                      0x200000e0   Data           2  control.o(.data)
    kpv                                      0x200000e2   Data           2  control.o(.data)
    kdv                                      0x200000e4   Data           2  control.o(.data)
    Angle                                    0x200000e6   Data           2  control.o(.data)
    AP                                       0x200000e8   Data           4  control.o(.data)
    AD                                       0x200000ec   Data           4  control.o(.data)
    Perror                                   0x200000f0   Data           4  control.o(.data)
    SP                                       0x200000f4   Data           4  control.o(.data)
    SI                                       0x200000f8   Data           4  control.o(.data)
    Speed_Integral                           0x200000fc   Data           4  control.o(.data)
    SpeedTarget                              0x20000100   Data           2  control.o(.data)
    count0                                   0x20000102   Data           2  control.o(.data)
    Speed                                    0x20000104   Data           2  control.o(.data)
    i                                        0x20000114   Data           1  show.o(.data)
    temp                                     0x20000115   Data           1  show.o(.data)
    Send_Count                               0x20000116   Data           1  show.o(.data)
    Vol                                      0x20000118   Data           4  show.o(.data)
    Clear_Count                              0x2000011c   Data           4  show.o(.data)
    mark                                     0x20000120   Data           1  show.o(.data)
    OLED_GRAM                                0x20000124   Data        1024  oled.o(.bss)
    __libspace_start                         0x20000524   Data          96  libspace.o(.bss)
    __temporary_stack_top$libspace           0x20000584   Data           0  libspace.o(.bss)



==============================================================================

Memory Map of the image

  Image Entry point : 0x080000ed

  Load Region LR_IROM1 (Base: 0x08000000, Size: 0x00005018, Max: 0x00010000, ABSOLUTE)

    Execution Region ER_IROM1 (Base: 0x08000000, Size: 0x00004ef4, Max: 0x00010000, ABSOLUTE)

    Base Addr    Size         Type   Attr      Idx    E Section Name        Object

    0x08000000   0x000000ec   Data   RO          233    RESET               startup_stm32f10x_md.o
    0x080000ec   0x00000008   Code   RO          730  * !!!main             c_w.l(__main.o)
    0x080000f4   0x00000034   Code   RO          928    !!!scatter          c_w.l(__scatter.o)
    0x08000128   0x0000001a   Code   RO          930    !!handler_copy      c_w.l(__scatter_copy.o)
    0x08000142   0x00000002   PAD
    0x08000144   0x0000001c   Code   RO          932    !!handler_zi        c_w.l(__scatter_zi.o)
    0x08000160   0x00000002   Code   RO          802    .ARM.Collect$$libinit$$00000000  c_w.l(libinit.o)
    0x08000162   0x00000000   Code   RO          809    .ARM.Collect$$libinit$$00000002  c_w.l(libinit2.o)
    0x08000162   0x00000000   Code   RO          811    .ARM.Collect$$libinit$$00000004  c_w.l(libinit2.o)
    0x08000162   0x00000000   Code   RO          814    .ARM.Collect$$libinit$$0000000A  c_w.l(libinit2.o)
    0x08000162   0x00000000   Code   RO          816    .ARM.Collect$$libinit$$0000000C  c_w.l(libinit2.o)
    0x08000162   0x00000000   Code   RO          818    .ARM.Collect$$libinit$$0000000E  c_w.l(libinit2.o)
    0x08000162   0x00000000   Code   RO          821    .ARM.Collect$$libinit$$00000011  c_w.l(libinit2.o)
    0x08000162   0x00000000   Code   RO          823    .ARM.Collect$$libinit$$00000013  c_w.l(libinit2.o)
    0x08000162   0x00000000   Code   RO          825    .ARM.Collect$$libinit$$00000015  c_w.l(libinit2.o)
    0x08000162   0x00000000   Code   RO          827    .ARM.Collect$$libinit$$00000017  c_w.l(libinit2.o)
    0x08000162   0x00000000   Code   RO          829    .ARM.Collect$$libinit$$00000019  c_w.l(libinit2.o)
    0x08000162   0x00000000   Code   RO          831    .ARM.Collect$$libinit$$0000001B  c_w.l(libinit2.o)
    0x08000162   0x00000000   Code   RO          833    .ARM.Collect$$libinit$$0000001D  c_w.l(libinit2.o)
    0x08000162   0x00000000   Code   RO          835    .ARM.Collect$$libinit$$0000001F  c_w.l(libinit2.o)
    0x08000162   0x00000000   Code   RO          837    .ARM.Collect$$libinit$$00000021  c_w.l(libinit2.o)
    0x08000162   0x00000000   Code   RO          839    .ARM.Collect$$libinit$$00000023  c_w.l(libinit2.o)
    0x08000162   0x00000000   Code   RO          841    .ARM.Collect$$libinit$$00000025  c_w.l(libinit2.o)
    0x08000162   0x00000000   Code   RO          845    .ARM.Collect$$libinit$$0000002C  c_w.l(libinit2.o)
    0x08000162   0x00000000   Code   RO          847    .ARM.Collect$$libinit$$0000002E  c_w.l(libinit2.o)
    0x08000162   0x00000000   Code   RO          849    .ARM.Collect$$libinit$$00000030  c_w.l(libinit2.o)
    0x08000162   0x00000000   Code   RO          851    .ARM.Collect$$libinit$$00000032  c_w.l(libinit2.o)
    0x08000162   0x00000002   Code   RO          852    .ARM.Collect$$libinit$$00000033  c_w.l(libinit2.o)
    0x08000164   0x00000002   Code   RO          870    .ARM.Collect$$libshutdown$$00000000  c_w.l(libshutdown.o)
    0x08000166   0x00000000   Code   RO          880    .ARM.Collect$$libshutdown$$00000002  c_w.l(libshutdown2.o)
    0x08000166   0x00000000   Code   RO          882    .ARM.Collect$$libshutdown$$00000004  c_w.l(libshutdown2.o)
    0x08000166   0x00000000   Code   RO          885    .ARM.Collect$$libshutdown$$00000007  c_w.l(libshutdown2.o)
    0x08000166   0x00000000   Code   RO          888    .ARM.Collect$$libshutdown$$0000000A  c_w.l(libshutdown2.o)
    0x08000166   0x00000000   Code   RO          890    .ARM.Collect$$libshutdown$$0000000C  c_w.l(libshutdown2.o)
    0x08000166   0x00000000   Code   RO          893    .ARM.Collect$$libshutdown$$0000000F  c_w.l(libshutdown2.o)
    0x08000166   0x00000002   Code   RO          894    .ARM.Collect$$libshutdown$$00000010  c_w.l(libshutdown2.o)
    0x08000168   0x00000000   Code   RO          768    .ARM.Collect$$rtentry$$00000000  c_w.l(__rtentry.o)
    0x08000168   0x00000000   Code   RO          779    .ARM.Collect$$rtentry$$00000002  c_w.l(__rtentry2.o)
    0x08000168   0x00000006   Code   RO          791    .ARM.Collect$$rtentry$$00000004  c_w.l(__rtentry4.o)
    0x0800016e   0x00000000   Code   RO          781    .ARM.Collect$$rtentry$$00000009  c_w.l(__rtentry2.o)
    0x0800016e   0x00000004   Code   RO          782    .ARM.Collect$$rtentry$$0000000A  c_w.l(__rtentry2.o)
    0x08000172   0x00000000   Code   RO          784    .ARM.Collect$$rtentry$$0000000C  c_w.l(__rtentry2.o)
    0x08000172   0x00000008   Code   RO          785    .ARM.Collect$$rtentry$$0000000D  c_w.l(__rtentry2.o)
    0x0800017a   0x00000002   Code   RO          806    .ARM.Collect$$rtexit$$00000000  c_w.l(rtexit.o)
    0x0800017c   0x00000000   Code   RO          854    .ARM.Collect$$rtexit$$00000002  c_w.l(rtexit2.o)
    0x0800017c   0x00000004   Code   RO          855    .ARM.Collect$$rtexit$$00000003  c_w.l(rtexit2.o)
    0x08000180   0x00000006   Code   RO          856    .ARM.Collect$$rtexit$$00000004  c_w.l(rtexit2.o)
    0x08000186   0x00000002   PAD
    0x08000188   0x0000000c   Code   RO          534    .emb_text           sys.o
    0x08000194   0x0000001a   Code   RO            1    .text               stm32f10x_it.o
    0x080001ae   0x00000002   PAD
    0x080001b0   0x000001e0   Code   RO          104    .text               system_stm32f10x.o
    0x08000390   0x00000066   Code   RO          122    .text               main.o
    0x080003f6   0x00000002   PAD
    0x080003f8   0x00000040   Code   RO          234    .text               startup_stm32f10x_md.o
    0x08000438   0x000000dc   Code   RO          238    .text               misc.o
    0x08000514   0x0000044e   Code   RO          250    .text               stm32f10x_adc.o
    0x08000962   0x00000002   PAD
    0x08000964   0x000000c4   Code   RO          262    .text               stm32f10x_bkp.o
    0x08000a28   0x0000011c   Code   RO          346    .text               stm32f10x_exti.o
    0x08000b44   0x0000035c   Code   RO          382    .text               stm32f10x_gpio.o
    0x08000ea0   0x000000cc   Code   RO          418    .text               stm32f10x_pwr.o
    0x08000f6c   0x000003a4   Code   RO          430    .text               stm32f10x_rcc.o
    0x08001310   0x00000e1a   Code   RO          480    .text               stm32f10x_tim.o
    0x0800212a   0x00000002   PAD
    0x0800212c   0x00000408   Code   RO          492    .text               stm32f10x_usart.o
    0x08002534   0x000000d4   Code   RO          516    .text               delay.o
    0x08002608   0x000002bc   Code   RO          535    .text               sys.o
    0x080028c4   0x000000a4   Code   RO          550    .text               usart.o
    0x08002968   0x000001e8   Code   RO          569    .text               adc.o
    0x08002b50   0x000001b4   Code   RO          581    .text               encoder.o
    0x08002d04   0x000001b4   Code   RO          593    .text               exti.o
    0x08002eb8   0x00000064   Code   RO          608    .text               led.o
    0x08002f1c   0x000000d8   Code   RO          621    .text               motor.o
    0x08002ff4   0x0000044a   Code   RO          633    .text               oled.o
    0x0800343e   0x00000002   PAD
    0x08003440   0x00000060   Code   RO          670    .text               timer.o
    0x080034a0   0x00000534   Code   RO          682    .text               control.o
    0x080039d4   0x0000014c   Code   RO          705    .text               show.o
    0x08003b20   0x00000002   Code   RO          726    .text               c_w.l(use_no_semi_2.o)
    0x08003b22   0x00000006   Code   RO          728    .text               c_w.l(heapauxi.o)
    0x08003b28   0x00000002   Code   RO          766    .text               c_w.l(use_no_semi.o)
    0x08003b2a   0x0000004a   Code   RO          793    .text               c_w.l(sys_stackheap_outer.o)
    0x08003b74   0x00000012   Code   RO          795    .text               c_w.l(exit.o)
    0x08003b86   0x00000002   PAD
    0x08003b88   0x00000008   Code   RO          803    .text               c_w.l(libspace.o)
    0x08003b90   0x000002b0   Code   RO          733    x$fpl$ddiv          fz_ws.l(ddiv.o)
    0x08003e40   0x0000005e   Code   RO          736    x$fpl$dfix          fz_ws.l(dfix.o)
    0x08003e9e   0x00000026   Code   RO          740    x$fpl$dfltu         fz_ws.l(dflt_clz.o)
    0x08003ec4   0x00000154   Code   RO          746    x$fpl$dmul          fz_ws.l(dmul.o)
    0x08004018   0x0000009c   Code   RO          769    x$fpl$dnaninf       fz_ws.l(dnaninf.o)
    0x080040b4   0x0000000c   Code   RO          771    x$fpl$dretinf       fz_ws.l(dretinf.o)
    0x080040c0   0x000000c4   Code   RO          748    x$fpl$fadd          fz_ws.l(faddsub_clz.o)
    0x08004184   0x00000036   Code   RO          754    x$fpl$ffix          fz_ws.l(ffix.o)
    0x080041ba   0x00000002   PAD
    0x080041bc   0x00000030   Code   RO          759    x$fpl$fflt          fz_ws.l(fflt_clz.o)
    0x080041ec   0x00000102   Code   RO          764    x$fpl$fmul          fz_ws.l(fmul.o)
    0x080042ee   0x0000008c   Code   RO          773    x$fpl$fnaninf       fz_ws.l(fnaninf.o)
    0x0800437a   0x0000000a   Code   RO          775    x$fpl$fretinf       fz_ws.l(fretinf.o)
    0x08004384   0x000000ea   Code   RO          750    x$fpl$fsub          fz_ws.l(faddsub_clz.o)
    0x0800446e   0x00000000   Code   RO          777    x$fpl$usenofp       fz_ws.l(usenofp.o)
    0x0800446e   0x00000a64   Data   RO          635    .constdata          oled.o
    0x08004ed2   0x00000002   PAD
    0x08004ed4   0x00000020   Data   RO          926    Region$$Table       anon$$obj.o


    Execution Region RW_IRAM1 (Base: 0x20000000, Size: 0x00000b88, Max: 0x00005000, ABSOLUTE)

    Base Addr    Size         Type   Attr      Idx    E Section Name        Object

    0x20000000   0x00000014   Data   RW          105    .data               system_stm32f10x.o
    0x20000014   0x0000002a   Data   RW          124    .data               main.o
    0x2000003e   0x00000014   Data   RW          431    .data               stm32f10x_rcc.o
    0x20000052   0x00000004   Data   RW          517    .data               delay.o
    0x20000056   0x00000002   PAD
    0x20000058   0x00000004   Data   RW          609    .data               led.o
    0x2000005c   0x00000004   PAD
    0x20000060   0x000000b4   Data   RW          683    .data               control.o
    0x20000114   0x0000000d   Data   RW          706    .data               show.o
    0x20000121   0x00000003   PAD
    0x20000124   0x00000400   Zero   RW          634    .bss                oled.o
    0x20000524   0x00000060   Zero   RW          804    .bss                c_w.l(libspace.o)
    0x20000584   0x00000004   PAD
    0x20000588   0x00000200   Zero   RW          232    HEAP                startup_stm32f10x_md.o
    0x20000788   0x00000400   Zero   RW          231    STACK               startup_stm32f10x_md.o


==============================================================================

Image component sizes


      Code (inc. data)   RO Data    RW Data    ZI Data      Debug   Object Name

       488         30          0          0          0       1595   adc.o
      1332        190          0        180          0       3933   control.o
         0          0          0          0          0         32   core_cm3.o
       212         18          0          4          0        999   delay.o
       436         18          0          0          0       1495   encoder.o
       436         24          0          0          0        896   exti.o
       100         16          0          4          0        673   led.o
       102          0          0         42          0     215915   main.o
       220         22          0          0          0       1761   misc.o
       216         12          0          0          0        891   motor.o
      1098         32       2660          0       1024       4495   oled.o
       332         76          0         13          0        845   show.o
        64         26        236          0       1536        772   startup_stm32f10x_md.o
      1102         26          0          0          0      11001   stm32f10x_adc.o
       196          8          0          0          0       3456   stm32f10x_bkp.o
       284         10          0          0          0       2215   stm32f10x_exti.o
       860         38          0          0          0       5693   stm32f10x_gpio.o
        26          0          0          0          0      49106   stm32f10x_it.o
       204         14          0          0          0       1935   stm32f10x_pwr.o
       932         36          0         20          0       8848   stm32f10x_rcc.o
      3610         88          0          0          0      22800   stm32f10x_tim.o
      1032         22          0          0          0       8416   stm32f10x_usart.o
       712         44          0          0          0       2783   sys.o
       480         38          0         20          0       1679   system_stm32f10x.o
        96          6          0          0          0        618   timer.o
       164         10          0          0          0       2527   usart.o

    ----------------------------------------------------------------------
     14744        804       2930        292       2560     355379   Object Totals
         0          0         32          0          0          0   (incl. Generated)
        10          0          2          9          0          0   (incl. Padding)

    ----------------------------------------------------------------------

      Code (inc. data)   RO Data    RW Data    ZI Data      Debug   Library Member Name

         8          0          0          0          0         68   __main.o
         0          0          0          0          0          0   __rtentry.o
        12          0          0          0          0          0   __rtentry2.o
         6          0          0          0          0          0   __rtentry4.o
        52          8          0          0          0          0   __scatter.o
        26          0          0          0          0          0   __scatter_copy.o
        28          0          0          0          0          0   __scatter_zi.o
        18          0          0          0          0         80   exit.o
         6          0          0          0          0        152   heapauxi.o
         2          0          0          0          0          0   libinit.o
         2          0          0          0          0          0   libinit2.o
         2          0          0          0          0          0   libshutdown.o
         2          0          0          0          0          0   libshutdown2.o
         8          4          0          0         96         68   libspace.o
         2          0          0          0          0          0   rtexit.o
        10          0          0          0          0          0   rtexit2.o
        74          0          0          0          0         80   sys_stackheap_outer.o
         2          0          0          0          0         68   use_no_semi.o
         2          0          0          0          0         68   use_no_semi_2.o
       688        140          0          0          0        208   ddiv.o
        94          4          0          0          0         92   dfix.o
        38          0          0          0          0         68   dflt_clz.o
       340         12          0          0          0        104   dmul.o
       156          4          0          0          0         92   dnaninf.o
        12          0          0          0          0         68   dretinf.o
       430          8          0          0          0        168   faddsub_clz.o
        54          4          0          0          0         84   ffix.o
        48          0          0          0          0         68   fflt_clz.o
       258          4          0          0          0         84   fmul.o
       140          4          0          0          0         84   fnaninf.o
        10          0          0          0          0         68   fretinf.o
         0          0          0          0          0          0   usenofp.o

    ----------------------------------------------------------------------
      2538        192          0          0        100       1772   Library Totals
         8          0          0          0          4          0   (incl. Padding)

    ----------------------------------------------------------------------

      Code (inc. data)   RO Data    RW Data    ZI Data      Debug   Library Name

       262         12          0          0         96        584   c_w.l
      2268        180          0          0          0       1188   fz_ws.l

    ----------------------------------------------------------------------
      2538        192          0          0        100       1772   Library Totals

    ----------------------------------------------------------------------

==============================================================================


      Code (inc. data)   RO Data    RW Data    ZI Data      Debug   

     17282        996       2930        292       2660     353923   Grand Totals
     17282        996       2930        292       2660     353923   ELF Image Totals
     17282        996       2930        292          0          0   ROM Totals

==============================================================================

    Total RO  Size (Code + RO Data)                20212 (  19.74kB)
    Total RW  Size (RW Data + ZI Data)              2952 (   2.88kB)
    Total ROM Size (Code + RO Data + RW Data)      20504 (  20.02kB)

==============================================================================

